=== SPI1 Debugging Logs ===
Timestamp: Fri  3 Jan 14:01:48 PST 2025

=== Active Commands in config.txt ===
dtparam=spi=on
dtparam=audio=on
camera_auto_detect=1
display_auto_detect=1
auto_initramfs=1
max_framebuffers=2
arm_64bit=1
disable_overscan=1
arm_boost=1
[cm4]
otg_mode=1
[cm5]
dtoverlay=dwc2,dr_mode=host
[all]
dtdebug=on

=== Kernel Logs: Overlay Loading Errors ===
[  540.770120] OF: overlay: WARNING: memory leak will occur if overlay removed, property: /soc/spi@7e215080/pinctrl-names
[  540.770146] OF: overlay: WARNING: memory leak will occur if overlay removed, property: /soc/spi@7e215080/pinctrl-0
[  540.770153] OF: overlay: WARNING: memory leak will occur if overlay removed, property: /soc/spi@7e215080/cs-gpios
[  540.770159] OF: overlay: WARNING: memory leak will occur if overlay removed, property: /soc/spi@7e215080/status
[  540.770188] OF: overlay: WARNING: memory leak will occur if overlay removed, property: /soc/aux@7e215000/status
[  540.796123] OF: resolver: node label 'spidev1_2' not found in live devicetree symbols table
[  540.796136] OF: resolver: overlay phandle fixup failed: -22
[  578.846226] OF: resolver: node label 'spidev1_2' not found in live devicetree symbols table
[  578.846249] OF: resolver: overlay phandle fixup failed: -22

=== Full Kernel Logs ===
[    0.000000] Booting Linux on physical CPU 0x0000000000 [0x410fd083]
[    0.000000] Linux version 6.6.62+rpt-rpi-v8 (serge@raspberrypi.com) (gcc-12 (Debian 12.2.0-14) 12.2.0, GNU ld (GNU Binutils for Debian) 2.40) #1 SMP PREEMPT Debian 1:6.6.62-1+rpt1 (2024-11-25)
[    0.000000] KASLR enabled
[    0.000000] random: crng init done
[    0.000000] Machine model: Raspberry Pi 4 Model B Rev 1.5
[    0.000000] efi: UEFI not found.
[    0.000000] Reserved memory: created CMA memory pool at 0x000000002a000000, size 64 MiB
[    0.000000] OF: reserved mem: initialized node linux,cma, compatible id shared-dma-pool
[    0.000000] OF: reserved mem: 0x000000002a000000..0x000000002dffffff (65536 KiB) map reusable linux,cma
[    0.000000] OF: reserved mem: 0x000000003ef652a0..0x000000003ef6569f (1 KiB) nomap non-reusable nvram@1
[    0.000000] OF: reserved mem: 0x000000003ef656e0..0x000000003ef65715 (0 KiB) nomap non-reusable nvram@0
[    0.000000] NUMA: No NUMA configuration found
[    0.000000] NUMA: Faking a node at [mem 0x0000000000000000-0x00000001ffffffff]
[    0.000000] NUMA: NODE_DATA [mem 0x1fefee3c0-0x1feff0fff]
[    0.000000] Zone ranges:
[    0.000000]   DMA      [mem 0x0000000000000000-0x000000003fffffff]
[    0.000000]   DMA32    [mem 0x0000000040000000-0x00000000ffffffff]
[    0.000000]   Normal   [mem 0x0000000100000000-0x00000001ffffffff]
[    0.000000] Movable zone start for each node
[    0.000000] Early memory node ranges
[    0.000000]   node   0: [mem 0x0000000000000000-0x000000003b3fffff]
[    0.000000]   node   0: [mem 0x0000000040000000-0x00000000fbffffff]
[    0.000000]   node   0: [mem 0x0000000100000000-0x00000001ffffffff]
[    0.000000] Initmem setup node 0 [mem 0x0000000000000000-0x00000001ffffffff]
[    0.000000] On node 0, zone DMA32: 19456 pages in unavailable ranges
[    0.000000] On node 0, zone Normal: 16384 pages in unavailable ranges
[    0.000000] percpu: Embedded 30 pages/cpu s85928 r8192 d28760 u122880
[    0.000000] pcpu-alloc: s85928 r8192 d28760 u122880 alloc=30*4096
[    0.000000] pcpu-alloc: [0] 0 [0] 1 [0] 2 [0] 3 
[    0.000000] Detected PIPT I-cache on CPU0
[    0.000000] CPU features: detected: Spectre-v2
[    0.000000] CPU features: detected: Spectre-v3a
[    0.000000] CPU features: detected: Spectre-v4
[    0.000000] CPU features: detected: Spectre-BHB
[    0.000000] CPU features: kernel page table isolation forced ON by KASLR
[    0.000000] CPU features: detected: Kernel page table isolation (KPTI)
[    0.000000] CPU features: detected: ARM erratum 1742098
[    0.000000] CPU features: detected: ARM errata 1165522, 1319367, or 1530923
[    0.000000] alternatives: applying boot alternatives
[    0.000000] Kernel command line: coherent_pool=1M 8250.nr_uarts=0 snd_bcm2835.enable_headphones=0 cgroup_disable=memory numa_policy=interleave snd_bcm2835.enable_headphones=1 snd_bcm2835.enable_hdmi=1 bcm2708_fb.fbwidth=0 bcm2708_fb.fbheight=0 bcm2708_fb.fbswap=1 smsc95xx.macaddr=D8:3A:DD:6F:A3:94 vc_mem.mem_base=0x3ec00000 vc_mem.mem_size=0x40000000  console=ttyS0,115200 console=tty1 root=PARTUUID=60ff2e57-02 rootfstype=ext4 fsck.repair=yes rootwait cfg80211.ieee80211_regdom=CA ip=169.254.55.240::0.0.0.0:255.255.0.0::eth0:off systemd.unit=multi-user.target autologin-user=nc4 nosplash logo.nologo vt.global_cursor_default=0 drm.debug=0x1f log_buf_len=16M
[    0.000000] cgroup: Disabling memory control group subsystem
[    0.000000] mempolicy: NUMA default policy overridden to 'interleave:0'
[    0.000000] Unknown kernel command line parameters "nosplash autologin-user=nc4", will be passed to user space.
[    0.000000] printk: log_buf_len: 16777216 bytes
[    0.000000] printk: early log buf free: 127672(97%)
[    0.000000] Dentry cache hash table entries: 1048576 (order: 11, 8388608 bytes, linear)
[    0.000000] Inode-cache hash table entries: 524288 (order: 10, 4194304 bytes, linear)
[    0.000000] Fallback order for Node 0: 0 
[    0.000000] Built 1 zonelists, mobility grouping on.  Total pages: 2028848
[    0.000000] Policy zone: Normal
[    0.000000] mem auto-init: stack:all(zero), heap alloc:off, heap free:off
[    0.000000] software IO TLB: area num 4.
[    0.000000] software IO TLB: mapped [mem 0x0000000037400000-0x000000003b400000] (64MB)
[    0.000000] Memory: 7840592K/8245248K available (13504K kernel code, 2206K rwdata, 4292K rodata, 4864K init, 1086K bss, 339120K reserved, 65536K cma-reserved)
[    0.000000] SLUB: HWalign=64, Order=0-3, MinObjects=0, CPUs=4, Nodes=1
[    0.000000] ftrace: allocating 43495 entries in 170 pages
[    0.000000] ftrace: allocated 170 pages with 4 groups
[    0.000000] trace event string verifier disabled
[    0.000000] rcu: Preemptible hierarchical RCU implementation.
[    0.000000] rcu: 	RCU event tracing is enabled.
[    0.000000] rcu: 	RCU restricting CPUs from NR_CPUS=256 to nr_cpu_ids=4.
[    0.000000] 	Trampoline variant of Tasks RCU enabled.
[    0.000000] 	Rude variant of Tasks RCU enabled.
[    0.000000] 	Tracing variant of Tasks RCU enabled.
[    0.000000] rcu: RCU calculated value of scheduler-enlistment delay is 25 jiffies.
[    0.000000] rcu: Adjusting geometry for rcu_fanout_leaf=16, nr_cpu_ids=4
[    0.000000] NR_IRQS: 64, nr_irqs: 64, preallocated irqs: 0
[    0.000000] Root IRQ handler: gic_handle_irq
[    0.000000] GIC: Using split EOI/Deactivate mode
[    0.000000] rcu: srcu_init: Setting srcu_struct sizes based on contention.
[    0.000000] arch_timer: cp15 timer(s) running at 54.00MHz (phys).
[    0.000000] clocksource: arch_sys_counter: mask: 0xffffffffffffff max_cycles: 0xc743ce346, max_idle_ns: 440795203123 ns
[    0.000000] sched_clock: 56 bits at 54MHz, resolution 18ns, wraps every 4398046511102ns
[    0.000335] Console: colour dummy device 80x25
[    0.000352] printk: console [tty1] enabled
[    0.001141] Calibrating delay loop (skipped), value calculated using timer frequency.. 108.00 BogoMIPS (lpj=216000)
[    0.001176] pid_max: default: 32768 minimum: 301
[    0.001262] LSM: initializing lsm=capability,integrity
[    0.001528] Mount-cache hash table entries: 16384 (order: 5, 131072 bytes, linear)
[    0.001651] Mountpoint-cache hash table entries: 16384 (order: 5, 131072 bytes, linear)
[    0.003814] RCU Tasks: Setting shift to 2 and lim to 1 rcu_task_cb_adjust=1 rcu_task_cpu_ids=4.
[    0.003994] RCU Tasks Rude: Setting shift to 2 and lim to 1 rcu_task_cb_adjust=1 rcu_task_cpu_ids=4.
[    0.004142] RCU Tasks Trace: Setting shift to 2 and lim to 1 rcu_task_cb_adjust=1 rcu_task_cpu_ids=4.
[    0.004417] rcu: Hierarchical SRCU implementation.
[    0.004436] rcu: 	Max phase no-delay instances is 1000.
[    0.006345] EFI services will not be available.
[    0.006673] smp: Bringing up secondary CPUs ...
[    0.007310] Detected PIPT I-cache on CPU1
[    0.007432] CPU1: Booted secondary processor 0x0000000001 [0x410fd083]
[    0.008174] Detected PIPT I-cache on CPU2
[    0.008263] CPU2: Booted secondary processor 0x0000000002 [0x410fd083]
[    0.008928] Detected PIPT I-cache on CPU3
[    0.009018] CPU3: Booted secondary processor 0x0000000003 [0x410fd083]
[    0.009118] smp: Brought up 1 node, 4 CPUs
[    0.009198] SMP: Total of 4 processors activated.
[    0.009215] CPU features: detected: 32-bit EL0 Support
[    0.009230] CPU features: detected: 32-bit EL1 Support
[    0.009247] CPU features: detected: CRC32 instructions
[    0.009352] CPU: All CPU(s) started at EL2
[    0.009378] alternatives: applying system-wide alternatives
[    0.012038] devtmpfs: initialized
[    0.022362] Enabled cp15_barrier support
[    0.022419] Enabled setend support
[    0.022593] clocksource: jiffies: mask: 0xffffffff max_cycles: 0xffffffff, max_idle_ns: 7645041785100000 ns
[    0.022632] futex hash table entries: 1024 (order: 4, 65536 bytes, linear)
[    0.024466] pinctrl core: initialized pinctrl subsystem
[    0.025498] DMI not present or invalid.
[    0.026012] NET: Registered PF_NETLINK/PF_ROUTE protocol family
[    0.027538] DMA: preallocated 1024 KiB GFP_KERNEL pool for atomic allocations
[    0.027819] DMA: preallocated 1024 KiB GFP_KERNEL|GFP_DMA pool for atomic allocations
[    0.028311] DMA: preallocated 1024 KiB GFP_KERNEL|GFP_DMA32 pool for atomic allocations
[    0.028395] audit: initializing netlink subsys (disabled)
[    0.028612] audit: type=2000 audit(0.028:1): state=initialized audit_enabled=0 res=1
[    0.029168] thermal_sys: Registered thermal governor 'step_wise'
[    0.029220] cpuidle: using governor menu
[    0.029507] hw-breakpoint: found 6 breakpoint and 4 watchpoint registers.
[    0.029643] ASID allocator initialised with 32768 entries
[    0.030606] Serial: AMBA PL011 UART driver
[    0.036868] bcm2835-mbox fe00b880.mailbox: mailbox enabled
[    0.048125] raspberrypi-firmware soc:firmware: Attached to firmware from 2024-11-26T12:52:28, variant start
[    0.052129] raspberrypi-firmware soc:firmware: Firmware hash is 2ae30f53898ae2f1ba77ff570a92991bedfb0398
[    0.062367] Modules: 2G module region forced by RANDOMIZE_MODULE_REGION_FULL
[    0.062399] Modules: 0 pages in range for non-PLT usage
[    0.062405] Modules: 517760 pages in range for PLT usage
[    0.065536] bcm2835-dma fe007000.dma-controller: DMA legacy API manager, dmachans=0x1
[    0.067286] iommu: Default domain type: Translated
[    0.067309] iommu: DMA domain TLB invalidation policy: strict mode
[    0.068959] SCSI subsystem initialized
[    0.069159] usbcore: registered new interface driver usbfs
[    0.069208] usbcore: registered new interface driver hub
[    0.069265] usbcore: registered new device driver usb
[    0.069646] pps_core: LinuxPPS API ver. 1 registered
[    0.069665] pps_core: Software ver. 5.3.6 - Copyright 2005-2007 Rodolfo Giometti <giometti@linux.it>
[    0.069696] PTP clock support registered
[    0.070762] vgaarb: loaded
[    0.071278] clocksource: Switched to clocksource arch_sys_counter
[    0.071748] VFS: Disk quotas dquot_6.6.0
[    0.071804] VFS: Dquot-cache hash table entries: 512 (order 0, 4096 bytes)
[    0.071926] FS-Cache: Loaded
[    0.075327] CacheFiles: Loaded
[    0.083043] NET: Registered PF_INET protocol family
[    0.084085] IP idents hash table entries: 131072 (order: 8, 1048576 bytes, linear)
[    0.092578] tcp_listen_portaddr_hash hash table entries: 4096 (order: 4, 65536 bytes, linear)
[    0.092699] Table-perturb hash table entries: 65536 (order: 6, 262144 bytes, linear)
[    0.092794] TCP established hash table entries: 65536 (order: 7, 524288 bytes, linear)
[    0.093283] TCP bind hash table entries: 65536 (order: 9, 2097152 bytes, linear)
[    0.095814] TCP: Hash tables configured (established 65536 bind 65536)
[    0.096415] MPTCP token hash table entries: 8192 (order: 5, 196608 bytes, linear)
[    0.096756] UDP hash table entries: 4096 (order: 5, 131072 bytes, linear)
[    0.096891] UDP-Lite hash table entries: 4096 (order: 5, 131072 bytes, linear)
[    0.097193] NET: Registered PF_UNIX/PF_LOCAL protocol family
[    0.097836] RPC: Registered named UNIX socket transport module.
[    0.097863] RPC: Registered udp transport module.
[    0.097877] RPC: Registered tcp transport module.
[    0.097891] RPC: Registered tcp-with-tls transport module.
[    0.097905] RPC: Registered tcp NFSv4.1 backchannel transport module.
[    0.097934] PCI: CLS 0 bytes, default 64
[    0.098397] Trying to unpack rootfs image as initramfs...
[    0.103588] kvm [1]: IPA Size Limit: 44 bits
[    0.104894] kvm [1]: vgic interrupt IRQ9
[    0.104970] kvm [1]: Hyp mode initialized successfully
[    0.633555] Freeing initrd memory: 12608K
[    1.124625] Initialise system trusted keyrings
[    1.124936] workingset: timestamp_bits=42 max_order=21 bucket_order=0
[    1.125044] zbud: loaded
[    1.125754] NFS: Registering the id_resolver key type
[    1.125789] Key type id_resolver registered
[    1.125804] Key type id_legacy registered
[    1.125835] nfs4filelayout_init: NFSv4 File Layout Driver Registering...
[    1.125855] nfs4flexfilelayout_init: NFSv4 Flexfile Layout Driver Registering...
[    1.126522] Key type asymmetric registered
[    1.126545] Asymmetric key parser 'x509' registered
[    1.126617] Block layer SCSI generic (bsg) driver version 0.4 loaded (major 247)
[    1.126798] io scheduler mq-deadline registered
[    1.126818] io scheduler kyber registered
[    1.126863] io scheduler bfq registered
[    1.129764] pinctrl-bcm2835 fe200000.gpio: GPIO_OUT persistence: yes
[    1.132011] brcm-pcie fd500000.pcie: host bridge /scb/pcie@7d500000 ranges:
[    1.132056] brcm-pcie fd500000.pcie:   No bus range found for /scb/pcie@7d500000, using [bus 00-ff]
[    1.132110] brcm-pcie fd500000.pcie:      MEM 0x0600000000..0x067fffffff -> 0x0080000000
[    1.132159] brcm-pcie fd500000.pcie:   IB MEM 0x0000000000..0x01ffffffff -> 0x0400000000
[    1.133186] brcm-pcie fd500000.pcie: PCI host bridge to bus 0000:00
[    1.133216] pci_bus 0000:00: root bus resource [bus 00-ff]
[    1.133240] pci_bus 0000:00: root bus resource [mem 0x600000000-0x67fffffff] (bus address [0x80000000-0xffffffff])
[    1.133301] pci 0000:00:00.0: [14e4:2711] type 01 class 0x060400
[    1.133401] pci 0000:00:00.0: PME# supported from D0 D3hot
[    1.137048] pci 0000:00:00.0: bridge configuration invalid ([bus 00-00]), reconfiguring
[    1.137207] pci_bus 0000:01: supply vpcie3v3 not found, using dummy regulator
[    1.137363] pci_bus 0000:01: supply vpcie3v3aux not found, using dummy regulator
[    1.137435] pci_bus 0000:01: supply vpcie12v not found, using dummy regulator
[    1.245365] brcm-pcie fd500000.pcie: link up, 5.0 GT/s PCIe x1 (SSC)
[    1.245514] pci 0000:01:00.0: [1106:3483] type 00 class 0x0c0330
[    1.245617] pci 0000:01:00.0: reg 0x10: [mem 0x00000000-0x00000fff 64bit]
[    1.245916] pci 0000:01:00.0: PME# supported from D0 D3hot
[    1.255360] pci_bus 0000:01: busn_res: [bus 01-ff] end is updated to 01
[    1.255408] pci 0000:00:00.0: BAR 8: assigned [mem 0x600000000-0x6000fffff]
[    1.255435] pci 0000:01:00.0: BAR 0: assigned [mem 0x600000000-0x600000fff 64bit]
[    1.255506] pci 0000:00:00.0: PCI bridge to [bus 01]
[    1.255527] pci 0000:00:00.0:   bridge window [mem 0x600000000-0x6000fffff]
[    1.255813] pcieport 0000:00:00.0: enabling device (0000 -> 0002)
[    1.255972] pcieport 0000:00:00.0: PME: Signaling with IRQ 26
[    1.256317] pcieport 0000:00:00.0: AER: enabled with IRQ 26
[    1.256672] brcm-pcie fd500000.pcie: clkreq control enabled
[    1.257135] bcm2708_fb soc:fb: Unable to determine number of FBs. Disabling driver.
[    1.257162] bcm2708_fb: probe of soc:fb failed with error -2
[    1.265762] iproc-rng200 fe104000.rng: hwrng registered
[    1.265995] vc-mem: phys_addr:0x00000000 mem_base=0x3ec00000 mem_size:0x40000000(1024 MiB)
[    1.277153] brd: module loaded
[    1.283675] loop: module loaded
[    1.284238] Loading iSCSI transport class v2.0-870.
[    1.288390] bcmgenet fd580000.ethernet: GENET 5.0 EPHY: 0x0000
[    1.495359] unimac-mdio unimac-mdio.-19: Broadcom UniMAC MDIO bus
[    1.496410] usbcore: registered new device driver r8152-cfgselector
[    1.496467] usbcore: registered new interface driver r8152
[    1.496522] usbcore: registered new interface driver lan78xx
[    1.496564] usbcore: registered new interface driver smsc95xx
[    1.544118] xhci_hcd 0000:01:00.0: xHCI Host Controller
[    1.544161] xhci_hcd 0000:01:00.0: new USB bus registered, assigned bus number 1
[    1.546000] xhci_hcd 0000:01:00.0: hcc params 0x002841eb hci version 0x100 quirks 0x0300240000000890
[    1.546739] xhci_hcd 0000:01:00.0: xHCI Host Controller
[    1.546774] xhci_hcd 0000:01:00.0: new USB bus registered, assigned bus number 2
[    1.546804] xhci_hcd 0000:01:00.0: Host supports USB 3.0 SuperSpeed
[    1.547047] usb usb1: New USB device found, idVendor=1d6b, idProduct=0002, bcdDevice= 6.06
[    1.547076] usb usb1: New USB device strings: Mfr=3, Product=2, SerialNumber=1
[    1.547098] usb usb1: Product: xHCI Host Controller
[    1.547116] usb usb1: Manufacturer: Linux 6.6.62+rpt-rpi-v8 xhci-hcd
[    1.547134] usb usb1: SerialNumber: 0000:01:00.0
[    1.547761] hub 1-0:1.0: USB hub found
[    1.547814] hub 1-0:1.0: 1 port detected
[    1.548394] usb usb2: New USB device found, idVendor=1d6b, idProduct=0003, bcdDevice= 6.06
[    1.548424] usb usb2: New USB device strings: Mfr=3, Product=2, SerialNumber=1
[    1.548446] usb usb2: Product: xHCI Host Controller
[    1.548463] usb usb2: Manufacturer: Linux 6.6.62+rpt-rpi-v8 xhci-hcd
[    1.548481] usb usb2: SerialNumber: 0000:01:00.0
[    1.548949] hub 2-0:1.0: USB hub found
[    1.549003] hub 2-0:1.0: 4 ports detected
[    1.549879] dwc_otg: version 3.00a 10-AUG-2012 (platform bus)
[    1.549987] dwc_otg: FIQ enabled
[    1.549994] dwc_otg: NAK holdoff enabled
[    1.549999] dwc_otg: FIQ split-transaction FSM enabled
[    1.550015] Module dwc_common_port init
[    1.550673] usbcore: registered new interface driver uas
[    1.550743] usbcore: registered new interface driver usb-storage
[    1.551168] mousedev: PS/2 mouse device common for all mice
[    1.554546] sdhci: Secure Digital Host Controller Interface driver
[    1.554575] sdhci: Copyright(c) Pierre Ossman
[    1.554785] sdhci-pltfm: SDHCI platform and OF driver helper
[    1.561997] ledtrig-cpu: registered to indicate activity on CPUs
[    1.562139] hid: raw HID events driver (C) Jiri Kosina
[    1.562185] usbcore: registered new interface driver usbhid
[    1.562191] usbhid: USB HID core driver
[    1.564726] hw perfevents: enabled with armv8_cortex_a72 PMU driver, 7 counters available
[    1.565256] NET: Registered PF_PACKET protocol family
[    1.565305] Key type dns_resolver registered
[    1.580653] registered taskstats version 1
[    1.580848] Loading compiled-in X.509 certificates
[    1.585718] Key type .fscrypt registered
[    1.585742] Key type fscrypt-provisioning registered
[    1.588967] uart-pl011 fe201000.serial: there is not valid maps for state default
[    1.589173] uart-pl011 fe201000.serial: cts_event_workaround enabled
[    1.589331] fe201000.serial: ttyAMA1 at MMIO 0xfe201000 (irq = 35, base_baud = 0) is a PL011 rev2
[    1.589437] serial serial0: tty port ttyAMA1 registered
[    1.590427] bcm2835-wdt bcm2835-wdt: Broadcom BCM2835 watchdog timer
[    1.593190] bcm2835-power bcm2835-power: Broadcom BCM2835 power domains driver
[    1.593698] mmc-bcm2835 fe300000.mmcnr: mmc_debug:0 mmc_debug2:0
[    1.593711] mmc-bcm2835 fe300000.mmcnr: DMA channel allocated
[    1.622865] of_cfs_init
[    1.622997] of_cfs_init: OK
[    1.658242] mmc0: SDHCI controller on fe340000.mmc [fe340000.mmc] using ADMA
[    1.661293] bcmgenet fd580000.ethernet: configuring instance for external RGMII (RX delay)
[    1.662237] bcmgenet fd580000.ethernet eth0: Link is Down
[    1.700737] mmc1: new high speed SDIO card at address 0001
[    1.755053] mmc0: new ultra high speed DDR50 SDXC card at address 5048
[    1.755495] mmcblk0: mmc0:5048 SD128 119 GiB
[    1.757377]  mmcblk0: p1 p2
[    1.757583] mmcblk0: mmc0:5048 SD128 119 GiB (quirks 0x00004000)
[    1.803297] usb 1-1: new high-speed USB device number 2 using xhci_hcd
[    1.953958] usb 1-1: New USB device found, idVendor=2109, idProduct=3431, bcdDevice= 4.21
[    1.953991] usb 1-1: New USB device strings: Mfr=0, Product=1, SerialNumber=0
[    1.954013] usb 1-1: Product: USB2.0 Hub
[    1.955729] hub 1-1:1.0: USB hub found
[    1.956061] hub 1-1:1.0: 4 ports detected
[    2.251307] usb 1-1.3: new low-speed USB device number 3 using xhci_hcd
[    2.359107] usb 1-1.3: New USB device found, idVendor=046d, idProduct=c077, bcdDevice=72.00
[    2.359139] usb 1-1.3: New USB device strings: Mfr=1, Product=2, SerialNumber=0
[    2.359162] usb 1-1.3: Product: USB Optical Mouse
[    2.359180] usb 1-1.3: Manufacturer: Logitech
[    2.367568] input: Logitech USB Optical Mouse as /devices/platform/scb/fd500000.pcie/pci0000:00/0000:00:00.0/0000:01:00.0/usb1/1-1/1-1.3/1-1.3:1.0/0003:046D:C077.0001/input/input0
[    2.368011] hid-generic 0003:046D:C077.0001: input,hidraw0: USB HID v1.11 Mouse [Logitech USB Optical Mouse] on usb-0000:01:00.0-1.3/input0
[    2.447297] usb 1-1.4: new low-speed USB device number 4 using xhci_hcd
[    2.555634] usb 1-1.4: New USB device found, idVendor=046d, idProduct=c31c, bcdDevice=64.00
[    2.555665] usb 1-1.4: New USB device strings: Mfr=1, Product=2, SerialNumber=0
[    2.555688] usb 1-1.4: Product: USB Keyboard
[    2.555705] usb 1-1.4: Manufacturer: Logitech
[    2.568095] input: Logitech USB Keyboard as /devices/platform/scb/fd500000.pcie/pci0000:00/0000:00:00.0/0000:01:00.0/usb1/1-1/1-1.4/1-1.4:1.0/0003:046D:C31C.0002/input/input1
[    2.628115] hid-generic 0003:046D:C31C.0002: input,hidraw1: USB HID v1.10 Keyboard [Logitech USB Keyboard] on usb-0000:01:00.0-1.4/input0
[    2.641152] input: Logitech USB Keyboard Consumer Control as /devices/platform/scb/fd500000.pcie/pci0000:00/0000:00:00.0/0000:01:00.0/usb1/1-1/1-1.4/1-1.4:1.1/0003:046D:C31C.0003/input/input2
[    2.699559] input: Logitech USB Keyboard System Control as /devices/platform/scb/fd500000.pcie/pci0000:00/0000:00:00.0/0000:01:00.0/usb1/1-1/1-1.4/1-1.4:1.1/0003:046D:C31C.0003/input/input3
[    2.699851] hid-generic 0003:046D:C31C.0003: input,hidraw2: USB HID v1.10 Device [Logitech USB Keyboard] on usb-0000:01:00.0-1.4/input1
[    4.735700] bcmgenet fd580000.ethernet eth0: Link is Up - 1Gbps/Full - flow control rx/tx
[    4.767303] IP-Config: Complete:
[    4.767320]      device=eth0, hwaddr=d8:3a:dd:6f:a3:94, ipaddr=169.254.55.240, mask=255.255.0.0, gw=255.255.255.255
[    4.767351]      host=169.254.55.240, domain=, nis-domain=(none)
[    4.767368]      bootserver=255.255.255.255, rootserver=255.255.255.255, rootpath=
[    4.767700] clk: Disabling unused clocks
[    4.776205] Freeing unused kernel memory: 4864K
[    4.776440] Run /init as init process
[    4.776456]   with arguments:
[    4.776461]     /init
[    4.776467]     nosplash
[    4.776472]   with environment:
[    4.776477]     HOME=/
[    4.776483]     TERM=linux
[    4.776489]     autologin-user=nc4
[    5.370414] EXT4-fs (mmcblk0p2): mounted filesystem a36be96c-66be-4487-a7a6-0481bca99d89 ro with ordered data mode. Quota mode: none.
[    5.849763] systemd[1]: System time before build time, advancing clock.
[    5.956498] NET: Registered PF_INET6 protocol family
[    5.957233] Segment Routing with IPv6
[    5.957254] In-situ OAM (IOAM) with IPv6
[    6.001529] systemd[1]: systemd 252.31-1~deb12u1 running in system mode (+PAM +AUDIT +SELINUX +APPARMOR +IMA +SMACK +SECCOMP +GCRYPT -GNUTLS +OPENSSL +ACL +BLKID +CURL +ELFUTILS +FIDO2 +IDN2 -IDN +IPTC +KMOD +LIBCRYPTSETUP +LIBFDISK +PCRE2 -PWQUALITY +P11KIT +QRENCODE +TPM2 +BZIP2 +LZ4 +XZ +ZLIB +ZSTD -BPF_FRAMEWORK -XKBCOMMON +UTMP +SYSVINIT default-hierarchy=unified)
[    6.001607] systemd[1]: Detected architecture arm64.
[    6.006144] systemd[1]: Hostname set to <raspberrypi>.
[    6.591864] systemd[1]: /lib/systemd/system/writeboost.service:28: Standard output type syslog+console is obsolete, automatically updating to journal+console. Please update your unit file, and consider removing the setting altogether.
[    6.598727] systemd[1]: Queued start job for default target multi-user.target.
[    6.626312] systemd[1]: Created slice system-getty.slice - Slice /system/getty.
[    6.628253] systemd[1]: Created slice system-modprobe.slice - Slice /system/modprobe.
[    6.629715] systemd[1]: Created slice system-systemd\x2dfsck.slice - Slice /system/systemd-fsck.
[    6.630699] systemd[1]: Created slice user.slice - User and Session Slice.
[    6.631652] systemd[1]: Started systemd-ask-password-wall.path - Forward Password Requests to Wall Directory Watch.
[    6.632889] systemd[1]: Set up automount proc-sys-fs-binfmt_misc.automount - Arbitrary Executable File Formats File System Automount Point.
[    6.633276] systemd[1]: Expecting device dev-disk-by\x2dpartuuid-60ff2e57\x2d01.device - /dev/disk/by-partuuid/60ff2e57-01...
[    6.633625] systemd[1]: Reached target integritysetup.target - Local Integrity Protected Volumes.
[    6.634107] systemd[1]: Reached target slices.target - Slice Units.
[    6.634430] systemd[1]: Reached target swap.target - Swaps.
[    6.634750] systemd[1]: Reached target veritysetup.target - Local Verity Protected Volumes.
[    6.635620] systemd[1]: Listening on systemd-fsckd.socket - fsck to fsckd communication Socket.
[    6.635912] systemd[1]: Listening on systemd-initctl.socket - initctl Compatibility Named Pipe.
[    6.636600] systemd[1]: Listening on systemd-journald-audit.socket - Journal Audit Socket.
[    6.637048] systemd[1]: Listening on systemd-journald-dev-log.socket - Journal Socket (/dev/log).
[    6.637452] systemd[1]: Listening on systemd-journald.socket - Journal Socket.
[    6.639527] systemd[1]: Listening on systemd-udevd-control.socket - udev Control Socket.
[    6.639981] systemd[1]: Listening on systemd-udevd-kernel.socket - udev Kernel Socket.
[    6.640431] systemd[1]: dev-hugepages.mount - Huge Pages File System was skipped because of an unmet condition check (ConditionPathExists=/sys/kernel/mm/hugepages).
[    6.642542] systemd[1]: Mounting dev-mqueue.mount - POSIX Message Queue File System...
[    6.645125] systemd[1]: Mounting sys-kernel-debug.mount - Kernel Debug File System...
[    6.647467] systemd[1]: Mounting sys-kernel-tracing.mount - Kernel Trace File System...
[    6.648065] systemd[1]: auth-rpcgss-module.service - Kernel Module supporting RPCSEC_GSS was skipped because of an unmet condition check (ConditionPathExists=/etc/krb5.keytab).
[    6.652334] systemd[1]: Starting fake-hwclock.service - Restore / save the current clock...
[    6.655521] systemd[1]: Starting keyboard-setup.service - Set the console keyboard layout...
[    6.658115] systemd[1]: Starting kmod-static-nodes.service - Create List of Static Device Nodes...
[    6.661577] systemd[1]: Starting modprobe@configfs.service - Load Kernel Module configfs...
[    6.665301] systemd[1]: Starting modprobe@dm_mod.service - Load Kernel Module dm_mod...
[    6.670273] systemd[1]: Starting modprobe@drm.service - Load Kernel Module drm...
[    6.673834] systemd[1]: Starting modprobe@efi_pstore.service - Load Kernel Module efi_pstore...
[    6.678853] systemd[1]: Starting modprobe@fuse.service - Load Kernel Module fuse...
[    6.682937] systemd[1]: Starting modprobe@loop.service - Load Kernel Module loop...
[    6.683982] systemd[1]: systemd-fsck-root.service - File System Check on Root Device was skipped because of an unmet condition check (ConditionPathExists=!/run/initramfs/fsck-root).
[    6.689514] systemd[1]: Starting systemd-journald.service - Journal Service...
[    6.704586] systemd[1]: Starting systemd-modules-load.service - Load Kernel Modules...
[    6.708658] systemd[1]: Starting systemd-remount-fs.service - Remount Root and Kernel File Systems...
[    6.713612] systemd[1]: Starting systemd-udev-trigger.service - Coldplug All udev Devices...
[    6.714139] device-mapper: ioctl: 4.48.0-ioctl (2023-03-01) initialised: dm-devel@redhat.com
[    6.716293] systemd[1]: Starting writeboost.service - (dm-)writeboost mapper...
[    6.719779] systemd[1]: Mounted dev-mqueue.mount - POSIX Message Queue File System.
[    6.720138] systemd[1]: Mounted sys-kernel-debug.mount - Kernel Debug File System.
[    6.720417] systemd[1]: Mounted sys-kernel-tracing.mount - Kernel Trace File System.
[    6.721030] systemd[1]: Finished kmod-static-nodes.service - Create List of Static Device Nodes.
[    6.721996] systemd[1]: modprobe@configfs.service: Deactivated successfully.
[    6.722348] systemd[1]: Finished modprobe@configfs.service - Load Kernel Module configfs.
[    6.723235] systemd[1]: modprobe@dm_mod.service: Deactivated successfully.
[    6.723854] systemd[1]: Finished modprobe@dm_mod.service - Load Kernel Module dm_mod.
[    6.724974] systemd[1]: modprobe@efi_pstore.service: Deactivated successfully.
[    6.725484] systemd[1]: Finished modprobe@efi_pstore.service - Load Kernel Module efi_pstore.
[    6.726527] systemd[1]: modprobe@loop.service: Deactivated successfully.
[    6.727020] systemd[1]: Finished modprobe@loop.service - Load Kernel Module loop.
[    6.730311] systemd[1]: Mounting sys-kernel-config.mount - Kernel Configuration File System...
[    6.730699] systemd[1]: systemd-repart.service - Repartition Root Disk was skipped because no trigger condition checks were met.
[    6.733717] fuse: init (API version 7.39)
[    6.735378] systemd[1]: Finished writeboost.service - (dm-)writeboost mapper.
[    6.749966] systemd[1]: Finished fake-hwclock.service - Restore / save the current clock.
[    6.752964] systemd[1]: modprobe@fuse.service: Deactivated successfully.
[    6.753346] systemd[1]: Finished modprobe@fuse.service - Load Kernel Module fuse.
[    6.759309] systemd[1]: Mounted sys-kernel-config.mount - Kernel Configuration File System.
[    6.762802] systemd[1]: Mounting sys-fs-fuse-connections.mount - FUSE Control File System...
[    6.767131] i2c_dev: i2c /dev entries driver
[    6.771337] [drm:drm_core_init [drm]] Initialized
[    6.773018] systemd[1]: modprobe@drm.service: Deactivated successfully.
[    6.773313] systemd[1]: Finished modprobe@drm.service - Load Kernel Module drm.
[    6.774663] systemd[1]: Mounted sys-fs-fuse-connections.mount - FUSE Control File System.
[    6.776127] systemd[1]: Finished systemd-modules-load.service - Load Kernel Modules.
[    6.780329] systemd[1]: Starting systemd-sysctl.service - Apply Kernel Variables...
[    6.790010] EXT4-fs (mmcblk0p2): re-mounted a36be96c-66be-4487-a7a6-0481bca99d89 r/w. Quota mode: none.
[    6.792481] systemd[1]: Finished systemd-remount-fs.service - Remount Root and Kernel File Systems.
[    6.793034] systemd[1]: systemd-firstboot.service - First Boot Wizard was skipped because of an unmet condition check (ConditionFirstBoot=yes).
[    6.793162] systemd[1]: systemd-pstore.service - Platform Persistent Storage Archival was skipped because of an unmet condition check (ConditionDirectoryNotEmpty=/sys/fs/pstore).
[    6.796021] systemd[1]: Starting systemd-random-seed.service - Load/Save Random Seed...
[    6.802270] systemd[1]: Starting systemd-sysusers.service - Create System Users...
[    6.827350] systemd[1]: Started systemd-journald.service - Journal Service.
[    6.862792] systemd-journald[248]: Received client request to flush runtime journal.
[    6.878949] systemd-journald[248]: File /var/log/journal/e43f570a37704852b11cff2997cd5dc4/system.journal corrupted or uncleanly shut down, renaming and replacing.
[    7.640989] mc: Linux media interface: v0.10
[    7.680522] vc_sm_cma: module is from the staging directory, the quality is unknown, you have been warned.
[    7.681121] bcm2835_vc_sm_cma_probe: Videocore shared memory driver
[    7.681132] [vc_sm_connected_init]: start
[    7.700180] videodev: Linux video capture interface: v2.00
[    7.712776] [vc_sm_connected_init]: installed successfully
[    7.716357] rpi-gpiomem fe200000.gpiomem: window base 0xfe200000 size 0x00001000
[    7.716568] rpi-gpiomem fe200000.gpiomem: initialised 1 regions as /dev/gpiomem
[    7.735811] bcm2835_mmal_vchiq: module is from the staging directory, the quality is unknown, you have been warned.
[    7.739705] snd_bcm2835: module is from the staging directory, the quality is unknown, you have been warned.
[    7.743755] bcm2835_audio bcm2835_audio: card created with 8 channels
[    7.756514] bcm2835_isp: module is from the staging directory, the quality is unknown, you have been warned.
[    7.756676] bcm2835_codec: module is from the staging directory, the quality is unknown, you have been warned.
[    7.760385] bcm2835-codec bcm2835-codec: Device registered as /dev/video10
[    7.760412] bcm2835-codec bcm2835-codec: Loaded V4L2 decode
[    7.768086] bcm2835-codec bcm2835-codec: Device registered as /dev/video11
[    7.768114] bcm2835-codec bcm2835-codec: Loaded V4L2 encode
[    7.771976] bcm2835-isp bcm2835-isp: Device node output[0] registered as /dev/video13
[    7.772300] bcm2835-isp bcm2835-isp: Device node capture[0] registered as /dev/video14
[    7.772777] bcm2835-isp bcm2835-isp: Device node capture[1] registered as /dev/video15
[    7.773928] bcm2835-isp bcm2835-isp: Device node stats[2] registered as /dev/video16
[    7.773953] bcm2835-isp bcm2835-isp: Register output node 0 with media controller
[    7.773959] bcm2835-isp bcm2835-isp: Register capture node 1 with media controller
[    7.773964] bcm2835-isp bcm2835-isp: Register capture node 2 with media controller
[    7.773969] bcm2835-isp bcm2835-isp: Register capture node 3 with media controller
[    7.774833] bcm2835-codec bcm2835-codec: Device registered as /dev/video12
[    7.774859] bcm2835-codec bcm2835-codec: Loaded V4L2 isp
[    7.777603] bcm2835_v4l2: module is from the staging directory, the quality is unknown, you have been warned.
[    7.784455] bcm2835-isp bcm2835-isp: Device node output[0] registered as /dev/video20
[    7.784786] bcm2835-isp bcm2835-isp: Device node capture[0] registered as /dev/video21
[    7.785024] bcm2835-isp bcm2835-isp: Device node capture[1] registered as /dev/video22
[    7.785165] bcm2835-isp bcm2835-isp: Device node stats[2] registered as /dev/video23
[    7.785187] bcm2835-isp bcm2835-isp: Register output node 0 with media controller
[    7.785194] bcm2835-isp bcm2835-isp: Register capture node 1 with media controller
[    7.785198] bcm2835-isp bcm2835-isp: Register capture node 2 with media controller
[    7.785202] bcm2835-isp bcm2835-isp: Register capture node 3 with media controller
[    7.785278] bcm2835-isp bcm2835-isp: Loaded V4L2 bcm2835-isp
[    7.799385] bcm2835-codec bcm2835-codec: Device registered as /dev/video18
[    7.799425] bcm2835-codec bcm2835-codec: Loaded V4L2 image_fx
[    7.805732] bcm2835-codec bcm2835-codec: Device registered as /dev/video31
[    7.805760] bcm2835-codec bcm2835-codec: Loaded V4L2 encode_image
[    7.864433] rpivid_hevc: module is from the staging directory, the quality is unknown, you have been warned.
[    7.881392] cfg80211: Loading compiled-in X.509 certificates for regulatory database
[    7.896967] Loaded X.509 cert 'benh@debian.org: 577e021cb980e0e820821ba7b54b4961b8b4fadf'
[    7.897336] Loaded X.509 cert 'romain.perier@gmail.com: 3abbc6ec146e09d1b6016ab9d6cf71dd233f0328'
[    7.897674] Loaded X.509 cert 'sforshee: 00b28ddf47aef9cea7'
[    7.897996] Loaded X.509 cert 'wens: 61c038651aabdcf94bd0ac7ff06c7248db18c600'
[    7.932481] Bluetooth: Core ver 2.22
[    7.932587] NET: Registered PF_BLUETOOTH protocol family
[    7.932591] Bluetooth: HCI device and connection manager initialized
[    7.932606] Bluetooth: HCI socket layer initialized
[    7.932612] Bluetooth: L2CAP socket layer initialized
[    7.932622] Bluetooth: SCO socket layer initialized
[    7.958508] Bluetooth: HCI UART driver ver 2.3
[    7.958524] Bluetooth: HCI UART protocol H4 registered
[    7.958591] Bluetooth: HCI UART protocol Three-wire (H5) registered
[    7.958873] Bluetooth: HCI UART protocol Broadcom registered
[    7.960121] hci_uart_bcm serial0-0: supply vbat not found, using dummy regulator
[    7.960270] hci_uart_bcm serial0-0: supply vddio not found, using dummy regulator
[    8.027214] brcmfmac: F1 signature read @0x18000000=0x15264345
[    8.030472] brcmfmac: brcmf_fw_alloc_request: using brcm/brcmfmac43455-sdio for chip BCM4345/6
[    8.030920] usbcore: registered new interface driver brcmfmac
[    8.050436] rpivid feb10000.codec: Device registered as /dev/video19
[    8.079431] uart-pl011 fe201000.serial: no DMA platform data
[    8.297013] brcmfmac: brcmf_c_process_txcap_blob: no txcap_blob available (err=-2)
[    8.297442] brcmfmac: brcmf_c_preinit_dcmds: Firmware: BCM4345/6 wl0: Aug 29 2023 01:47:08 version 7.45.265 (28bca26 CY) FWID 01-b677b91b
[    8.323851] Bluetooth: hci0: BCM: chip id 107
[    8.324131] Bluetooth: hci0: BCM: features 0x2f
[    8.325415] Bluetooth: hci0: BCM4345C0
[    8.325429] Bluetooth: hci0: BCM4345C0 (003.001.025) build 0000
[    8.328173] Bluetooth: hci0: BCM4345C0 'brcm/BCM4345C0.raspberrypi,4-model-b.hcd' Patch
[    8.446298] alsactl[451]: memfd_create() called without MFD_EXEC or MFD_NOEXEC_SEAL set
[    8.542941] spl: loading out-of-tree module taints kernel.
[    8.740885] zfs: module license 'CDDL' taints kernel.
[    8.740900] Disabling lock debugging due to kernel taint
[    8.740958] zfs: module license taints kernel.
[    9.039956] Bluetooth: hci0: BCM: features 0x2f
[    9.041212] Bluetooth: hci0: BCM43455 37.4MHz Raspberry Pi 3+-0190
[    9.041217] Bluetooth: hci0: BCM4345C0 (003.001.025) build 0382
[    9.868064] ZFS: Loaded module v2.2.3-1~bpo12+1~rpt1, ZFS pool version 5000, ZFS filesystem version 5
[   10.504704] Adding 524284k swap on /var/swap.  Priority:-2 extents:5 across:2211836k SS
[   10.624583] Bluetooth: BNEP (Ethernet Emulation) ver 1.3
[   10.624599] Bluetooth: BNEP filters: protocol multicast
[   10.624611] Bluetooth: BNEP socket layer initialized
[   10.628305] Bluetooth: MGMT ver 1.22
[   10.658947] NET: Registered PF_ALG protocol family
[   11.564331] brcmfmac: brcmf_cfg80211_set_power_mgmt: power save enabled
[   18.441915] Bluetooth: RFCOMM TTY layer initialized
[   18.441941] Bluetooth: RFCOMM socket layer initialized
[   18.441961] Bluetooth: RFCOMM ver 1.11
[  540.770120] OF: overlay: WARNING: memory leak will occur if overlay removed, property: /soc/spi@7e215080/pinctrl-names
[  540.770146] OF: overlay: WARNING: memory leak will occur if overlay removed, property: /soc/spi@7e215080/pinctrl-0
[  540.770153] OF: overlay: WARNING: memory leak will occur if overlay removed, property: /soc/spi@7e215080/cs-gpios
[  540.770159] OF: overlay: WARNING: memory leak will occur if overlay removed, property: /soc/spi@7e215080/status
[  540.770188] OF: overlay: WARNING: memory leak will occur if overlay removed, property: /soc/aux@7e215000/status
[  540.796123] OF: resolver: node label 'spidev1_2' not found in live devicetree symbols table
[  540.796136] OF: resolver: overlay phandle fixup failed: -22
[  578.846226] OF: resolver: node label 'spidev1_2' not found in live devicetree symbols table
[  578.846249] OF: resolver: overlay phandle fixup failed: -22

=== Decompiled Device Tree ===
Decompiled device tree saved to: /home/nc4/TouchscreenApparatus/src/drivers/debug/SPI1_debug/live_device_tree.dts

=== SPI Nodes in Live Device Tree ===
		spi@7e204600 {
			compatible = "brcm,bcm2835-spi";
			spi5_pins {
			spi1_cs_pins {
			spi3-gpio0 {
				pins-spi {
			spi4_pins {
			spi3_cs_pins {
			spi4-gpio4 {
				pins-spi {
			spi0-gpio46 {
				pins-spi {
			spi3_pins {
			spi5_cs_pins {
			spi2-gpio46 {
				pins-spi {
			spi1-gpio16 {
			spi0-gpio7 {
			spi0_cs_pins {
			spi6-gpio18 {
				pins-spi {
			spi1_pins {
			spi2-gpio40 {
			spi0_pins {
			spi4_cs_pins {
			spi5-gpio12 {
				pins-spi {
			spi6_pins {
			spi0-gpio35 {
			spi6_cs_pins {
		spi@7e204a00 {
			compatible = "brcm,bcm2835-spi";
		spi@7e204800 {
			compatible = "brcm,bcm2835-spi";
		spi@7e215080 {
			compatible = "brcm,bcm2835-aux-spi";
			spidev@2 {
				spi-max-frequency = <0x7735940>;
				compatible = "spidev";
			spidev@0 {
				spi-max-frequency = <0x7735940>;
				compatible = "spidev";
			spidev@1 {
				spi-max-frequency = <0x7735940>;
				compatible = "spidev";
		spi@7e2150c0 {
			compatible = "brcm,bcm2835-aux-spi";
		spi@7e204c00 {
			compatible = "brcm,bcm2835-spi";
		spi@7e204000 {
			compatible = "brcm,bcm2835-spi";
			spidev@0 {
				spi-max-frequency = <0x7735940>;
				compatible = "spidev";
			spidev@1 {
				spi-max-frequency = <0x7735940>;
				compatible = "spidev";
		spi2 = "/soc/spi@7e2150c0";
		spi0 = "/soc/spi@7e204000";
		spi5 = "/soc/spi@7e204a00";
		spi3 = "/soc/spi@7e204600";
		spi1 = "/soc/spi@7e215080";
		spi6 = "/soc/spi@7e204c00";
		spi4 = "/soc/spi@7e204800";
			enable-method = "spin-table";
			enable-method = "spin-table";
			enable-method = "spin-table";
			enable-method = "spin-table";
		spi5_pins = "/soc/gpio@7e200000/spi5_pins";
		spi0_gpio46 = "/soc/gpio@7e200000/spi0-gpio46";
		spi2 = "/soc/spi@7e2150c0";
		spidev1 = "/soc/spi@7e204000/spidev@1";
		spi2_gpio46 = "/soc/gpio@7e200000/spi2-gpio46";
		spi0 = "/soc/spi@7e204000";
		spi1_gpio16 = "/soc/gpio@7e200000/spi1-gpio16";
		spi4_pins = "/soc/gpio@7e200000/spi4_pins";
		spi0_gpio7 = "/soc/gpio@7e200000/spi0-gpio7";
		spi3_cs_pins = "/soc/gpio@7e200000/spi3_cs_pins";
		spi6_gpio18 = "/soc/gpio@7e200000/spi6-gpio18";
		spi3_pins = "/soc/gpio@7e200000/spi3_pins";
		spi5_cs_pins = "/soc/gpio@7e200000/spi5_cs_pins";
		spi5 = "/soc/spi@7e204a00";
		spi2_gpio40 = "/soc/gpio@7e200000/spi2-gpio40";
		spi = "/soc/spi@7e204000";
		spi3 = "/soc/spi@7e204600";
		spi0_cs_pins = "/soc/gpio@7e200000/spi0_cs_pins";
		spi5_gpio12 = "/soc/gpio@7e200000/spi5-gpio12";
		spi1 = "/soc/spi@7e215080";
		spi0_gpio35 = "/soc/gpio@7e200000/spi0-gpio35";
		spidev0 = "/soc/spi@7e204000/spidev@0";
		spi0_pins = "/soc/gpio@7e200000/spi0_pins";
		spi4_cs_pins = "/soc/gpio@7e200000/spi4_cs_pins";
		spi6 = "/soc/spi@7e204c00";
		spi6_pins = "/soc/gpio@7e200000/spi6_pins";
		spi3_gpio0 = "/soc/gpio@7e200000/spi3-gpio0";
		spi6_cs_pins = "/soc/gpio@7e200000/spi6_cs_pins";
		spi4 = "/soc/spi@7e204800";
		spi4_gpio4 = "/soc/gpio@7e200000/spi4-gpio4";
		spi_dma4 = <0x46 0x646d6173 0x3a303d00 0x2e 0x46 0x646d6173 0x3a383d00 0x2e>;
		spi = "\0\0\0Fstatus";

=== Specific Spidev References in Live Device Tree ===
			status = "okay";
			reg = <0x7e215080 0x40>;
			phandle = <0xc1>;
			cs-gpios = <0x07 0x12 0x01 0x07 0x11 0x01 0x07 0x10 0x01>;

			spidev@2 {
				#address-cells = <0x01>;
				#size-cells = <0x00>;
				spi-max-frequency = <0x7735940>;
				compatible = "spidev";
				status = "okay";
				reg = <0x02>;
				phandle = <0xf9>;
			};

			spidev@0 {
				#address-cells = <0x01>;
				#size-cells = <0x00>;
				spi-max-frequency = <0x7735940>;
				compatible = "spidev";
				status = "okay";
				reg = <0x00>;
				phandle = <0xf7>;
			};

			spidev@1 {
				#address-cells = <0x01>;
				#size-cells = <0x00>;
				spi-max-frequency = <0x7735940>;
				compatible = "spidev";
				status = "okay";
--
			reg = <0x7e204000 0x200>;
			phandle = <0x46>;
			dmas = <0x0c 0x06 0x0c 0x07>;
			cs-gpios = <0x07 0x08 0x01 0x07 0x07 0x01>;

			spidev@0 {
				#address-cells = <0x01>;
				#size-cells = <0x00>;
				spi-max-frequency = <0x7735940>;
				compatible = "spidev";
				reg = <0x00>;
				phandle = <0xbe>;
			};

			spidev@1 {
				#address-cells = <0x01>;
				#size-cells = <0x00>;
				spi-max-frequency = <0x7735940>;
				compatible = "spidev";
				reg = <0x01>;
--
		vchiq = "/soc/mailbox@7e00b840";
		uart1_ctsrts_gpio16 = "/soc/gpio@7e200000/uart1-ctsrts-gpio16";
		i2c3_gpio4 = "/soc/gpio@7e200000/i2c3-gpio4";
		gpclk1_gpio44 = "/soc/gpio@7e200000/gpclk1-gpio44";
		smi = "/soc/smi@7e600000";
		spidev1 = "/soc/spi@7e204000/spidev@1";
		i2c4_pins = "/soc/gpio@7e200000/i2c4";
		clk_27MHz = "/clk-27M";
		uart5_gpio12 = "/soc/gpio@7e200000/uart5-gpio12";
		i2c6_gpio0 = "/soc/gpio@7e200000/i2c6-gpio0";
		sdhci = "/soc/mmc@7e300000";
--
		led_act = "/leds/led-act";
		emmc2bus = "/emmc2bus";
		gpclk2_gpio6 = "/soc/gpio@7e200000/gpclk2-gpio6";
		aliases = "/aliases";
		uart0_ctsrts_gpio16 = "/soc/gpio@7e200000/uart0-ctsrts-gpio16";
		spidev0 = "/soc/spi@7e204000/spidev@0";
		gicv2 = "/soc/interrupt-controller@40041000";
		sound = "/soc/sound";
		uart5 = "/soc/serial@7e201a00";
		firmware = "/soc/firmware";
		dpi_18bit_gpio0 = "/soc/gpio@7e200000/dpi_18bit_gpio0";

=== Symbolic Links for Spidev Nodes ===
				compatible = "spidev";
				compatible = "spidev";
				compatible = "spidev";
				compatible = "spidev";
				compatible = "spidev";
		spidev1 = "/soc/spi@7e204000/spidev@1";
		spidev0 = "/soc/spi@7e204000/spidev@0";

=== Verifying Boot-Time Overlays ===
spi1-3cs overlay is missing in the device tree.
nc4_ili9488 overlay is missing in the device tree.

=== GPIO States ===
BANK0 (GPIO 0 to 27):
GPIO 0: level=1 func=INPUT pull=UP
GPIO 1: level=1 func=INPUT pull=UP
GPIO 2: level=1 func=INPUT pull=UP
GPIO 3: level=1 func=INPUT pull=UP
GPIO 4: level=1 func=INPUT pull=UP
GPIO 5: level=1 func=INPUT pull=UP
GPIO 6: level=1 func=INPUT pull=UP
GPIO 7: level=1 func=OUTPUT pull=UP
GPIO 8: level=1 func=OUTPUT pull=UP
GPIO 9: level=0 alt=0 func=SPI0_MISO pull=DOWN
GPIO 10: level=0 alt=0 func=SPI0_MOSI pull=DOWN
GPIO 11: level=0 alt=0 func=SPI0_SCLK pull=DOWN
GPIO 12: level=0 func=INPUT pull=DOWN
GPIO 13: level=1 func=INPUT pull=DOWN
GPIO 14: level=1 func=INPUT pull=NONE
GPIO 15: level=1 func=INPUT pull=UP
GPIO 16: level=1 func=OUTPUT pull=DOWN
GPIO 17: level=1 func=OUTPUT pull=DOWN
GPIO 18: level=1 func=OUTPUT pull=DOWN
GPIO 19: level=0 alt=4 func=SPI1_MISO pull=DOWN
GPIO 20: level=0 alt=4 func=SPI1_MOSI pull=DOWN
GPIO 21: level=0 alt=4 func=SPI1_SCLK pull=DOWN
GPIO 22: level=0 func=INPUT pull=DOWN
GPIO 23: level=1 func=INPUT pull=DOWN
GPIO 24: level=0 func=INPUT pull=DOWN
GPIO 25: level=1 func=INPUT pull=DOWN
GPIO 26: level=0 func=INPUT pull=DOWN
GPIO 27: level=0 func=INPUT pull=DOWN
BANK1 (GPIO 28 to 45):
GPIO 28: level=1 alt=5 func=RGMII_MDIO pull=UP
GPIO 29: level=0 alt=5 func=RGMII_MDC pull=DOWN
GPIO 30: level=0 alt=3 func=CTS0 pull=UP
GPIO 31: level=0 alt=3 func=RTS0 pull=NONE
GPIO 32: level=1 alt=3 func=TXD0 pull=NONE
GPIO 33: level=1 alt=3 func=RXD0 pull=UP
GPIO 34: level=0 alt=3 func=SD1_CLK pull=NONE
GPIO 35: level=1 alt=3 func=SD1_CMD pull=UP
GPIO 36: level=1 alt=3 func=SD1_DAT0 pull=UP
GPIO 37: level=1 alt=3 func=SD1_DAT1 pull=UP
GPIO 38: level=1 alt=3 func=SD1_DAT2 pull=UP
GPIO 39: level=1 alt=3 func=SD1_DAT3 pull=UP
GPIO 40: level=0 alt=0 func=PWM1_0 pull=NONE
GPIO 41: level=0 alt=0 func=PWM1_1 pull=NONE
GPIO 42: level=0 func=OUTPUT pull=UP
GPIO 43: level=1 func=INPUT pull=UP
GPIO 44: level=1 func=INPUT pull=UP
GPIO 45: level=1 func=INPUT pull=UP
BANK2 (GPIO 46 to 53):
GPIO 46: level=0 func=INPUT pull=UP
GPIO 47: level=0 func=INPUT pull=UP
GPIO 48: level=0 func=INPUT pull=DOWN
GPIO 49: level=0 func=INPUT pull=DOWN
GPIO 50: level=0 func=INPUT pull=DOWN
GPIO 51: level=0 func=INPUT pull=DOWN
GPIO 52: level=0 func=INPUT pull=DOWN
GPIO 53: level=0 func=INPUT pull=DOWN

=== vcdbg Logs for Overlays ===
vcdbg command not found. Skipping overlay verification with vcdbg.

=== Runtime Overlay Application Logs ===
Applying spi1-3cs overlay:
* Failed to apply overlay '1_spi1-3cs' (kernel)
Applying nc4_ili9488 overlay:
* Failed to apply overlay '1_nc4_ili9488' (kernel)

=== Verifying Runtime Overlays in Device Tree ===
spi1-3cs overlay is missing from the runtime device tree.
nc4_ili9488 overlay is missing from the runtime device tree.

