=== SPI1 Debugging Logs ===
Timestamp: Fri  3 Jan 16:24:25 PST 2025

=== Active Commands in config.txt ===
dtparam=audio=on
camera_auto_detect=1
display_auto_detect=1
auto_initramfs=1
max_framebuffers=2
arm_64bit=1
disable_overscan=1
arm_boost=1
[cm4]
otg_mode=1
[cm5]
dtoverlay=dwc2,dr_mode=host
[all]
dtdebug=on

=== Kernel Logs: Overlay Loading Errors ===
[   18.132954] OF: overlay: WARNING: memory leak will occur if overlay removed, property: /soc/spi@7e215080/pinctrl-names
[   18.132978] OF: overlay: WARNING: memory leak will occur if overlay removed, property: /soc/spi@7e215080/pinctrl-0
[   18.132985] OF: overlay: WARNING: memory leak will occur if overlay removed, property: /soc/spi@7e215080/cs-gpios
[   18.132993] OF: overlay: WARNING: memory leak will occur if overlay removed, property: /soc/spi@7e215080/status
[   18.133023] OF: overlay: WARNING: memory leak will occur if overlay removed, property: /soc/aux@7e215000/status
[   18.161680] OF: overlay: WARNING: memory leak will occur if overlay removed, property: /soc/spi@7e215080/status
[   18.163815] spi-bcm2835aux fe215080.spi: chipselect 0 already in use
[   18.163834] spi_master spi1: spi_device register error /soc/spi@7e215080/pitft0@0
[   18.163853] of_spi_notify: failed to create for '/soc/spi@7e215080/pitft0@0'
[   18.163861] OF: changeset notifier error @/soc/spi@7e215080/pitft0@0
[   18.163883] spi-bcm2835aux fe215080.spi: chipselect 1 already in use
[   18.163887] spi_master spi1: spi_device register error /soc/spi@7e215080/pitft1@1
[   18.163895] of_spi_notify: failed to create for '/soc/spi@7e215080/pitft1@1'
[   18.163902] OF: changeset notifier error @/soc/spi@7e215080/pitft1@1
[   18.163919] spi-bcm2835aux fe215080.spi: chipselect 2 already in use
[   18.163923] spi_master spi1: spi_device register error /soc/spi@7e215080/pitft2@2
[   18.163931] of_spi_notify: failed to create for '/soc/spi@7e215080/pitft2@2'
[   18.163938] OF: changeset notifier error @/soc/spi@7e215080/pitft2@2
[   18.165025] OF: overlay: overlay apply changeset entry notify error -16

=== Full Kernel Logs ===
[    0.000000] Booting Linux on physical CPU 0x0000000000 [0x410fd083]
[    0.000000] Linux version 6.6.62+rpt-rpi-v8 (serge@raspberrypi.com) (gcc-12 (Debian 12.2.0-14) 12.2.0, GNU ld (GNU Binutils for Debian) 2.40) #1 SMP PREEMPT Debian 1:6.6.62-1+rpt1 (2024-11-25)
[    0.000000] KASLR enabled
[    0.000000] random: crng init done
[    0.000000] Machine model: Raspberry Pi 4 Model B Rev 1.5
[    0.000000] efi: UEFI not found.
[    0.000000] Reserved memory: created CMA memory pool at 0x000000002a000000, size 64 MiB
[    0.000000] OF: reserved mem: initialized node linux,cma, compatible id shared-dma-pool
[    0.000000] OF: reserved mem: 0x000000002a000000..0x000000002dffffff (65536 KiB) map reusable linux,cma
[    0.000000] OF: reserved mem: 0x000000003ef652a0..0x000000003ef6569f (1 KiB) nomap non-reusable nvram@1
[    0.000000] OF: reserved mem: 0x000000003ef656e0..0x000000003ef65715 (0 KiB) nomap non-reusable nvram@0
[    0.000000] NUMA: No NUMA configuration found
[    0.000000] NUMA: Faking a node at [mem 0x0000000000000000-0x00000001ffffffff]
[    0.000000] NUMA: NODE_DATA [mem 0x1fefef3c0-0x1feff1fff]
[    0.000000] Zone ranges:
[    0.000000]   DMA      [mem 0x0000000000000000-0x000000003fffffff]
[    0.000000]   DMA32    [mem 0x0000000040000000-0x00000000ffffffff]
[    0.000000]   Normal   [mem 0x0000000100000000-0x00000001ffffffff]
[    0.000000] Movable zone start for each node
[    0.000000] Early memory node ranges
[    0.000000]   node   0: [mem 0x0000000000000000-0x000000003b3fffff]
[    0.000000]   node   0: [mem 0x0000000040000000-0x00000000fbffffff]
[    0.000000]   node   0: [mem 0x0000000100000000-0x00000001ffffffff]
[    0.000000] Initmem setup node 0 [mem 0x0000000000000000-0x00000001ffffffff]
[    0.000000] On node 0, zone DMA32: 19456 pages in unavailable ranges
[    0.000000] On node 0, zone Normal: 16384 pages in unavailable ranges
[    0.000000] percpu: Embedded 30 pages/cpu s85928 r8192 d28760 u122880
[    0.000000] pcpu-alloc: s85928 r8192 d28760 u122880 alloc=30*4096
[    0.000000] pcpu-alloc: [0] 0 [0] 1 [0] 2 [0] 3 
[    0.000000] Detected PIPT I-cache on CPU0
[    0.000000] CPU features: detected: Spectre-v2
[    0.000000] CPU features: detected: Spectre-v3a
[    0.000000] CPU features: detected: Spectre-v4
[    0.000000] CPU features: detected: Spectre-BHB
[    0.000000] CPU features: kernel page table isolation forced ON by KASLR
[    0.000000] CPU features: detected: Kernel page table isolation (KPTI)
[    0.000000] CPU features: detected: ARM erratum 1742098
[    0.000000] CPU features: detected: ARM errata 1165522, 1319367, or 1530923
[    0.000000] alternatives: applying boot alternatives
[    0.000000] Kernel command line: coherent_pool=1M 8250.nr_uarts=0 snd_bcm2835.enable_headphones=0 cgroup_disable=memory numa_policy=interleave snd_bcm2835.enable_headphones=1 snd_bcm2835.enable_hdmi=1 bcm2708_fb.fbwidth=0 bcm2708_fb.fbheight=0 bcm2708_fb.fbswap=1 smsc95xx.macaddr=D8:3A:DD:6F:A3:94 vc_mem.mem_base=0x3ec00000 vc_mem.mem_size=0x40000000  console=ttyS0,115200 console=tty1 root=PARTUUID=60ff2e57-02 rootfstype=ext4 fsck.repair=yes rootwait cfg80211.ieee80211_regdom=CA ip=169.254.55.240::0.0.0.0:255.255.0.0::eth0:off systemd.unit=multi-user.target autologin-user=nc4 nosplash logo.nologo vt.global_cursor_default=0 drm.debug=0x1f log_buf_len=16M
[    0.000000] cgroup: Disabling memory control group subsystem
[    0.000000] mempolicy: NUMA default policy overridden to 'interleave:0'
[    0.000000] Unknown kernel command line parameters "nosplash autologin-user=nc4", will be passed to user space.
[    0.000000] printk: log_buf_len: 16777216 bytes
[    0.000000] printk: early log buf free: 127672(97%)
[    0.000000] Dentry cache hash table entries: 1048576 (order: 11, 8388608 bytes, linear)
[    0.000000] Inode-cache hash table entries: 524288 (order: 10, 4194304 bytes, linear)
[    0.000000] Fallback order for Node 0: 0 
[    0.000000] Built 1 zonelists, mobility grouping on.  Total pages: 2028848
[    0.000000] Policy zone: Normal
[    0.000000] mem auto-init: stack:all(zero), heap alloc:off, heap free:off
[    0.000000] software IO TLB: area num 4.
[    0.000000] software IO TLB: mapped [mem 0x0000000037400000-0x000000003b400000] (64MB)
[    0.000000] Memory: 7840596K/8245248K available (13504K kernel code, 2206K rwdata, 4292K rodata, 4864K init, 1086K bss, 339116K reserved, 65536K cma-reserved)
[    0.000000] SLUB: HWalign=64, Order=0-3, MinObjects=0, CPUs=4, Nodes=1
[    0.000000] ftrace: allocating 43495 entries in 170 pages
[    0.000000] ftrace: allocated 170 pages with 4 groups
[    0.000000] trace event string verifier disabled
[    0.000000] rcu: Preemptible hierarchical RCU implementation.
[    0.000000] rcu: 	RCU event tracing is enabled.
[    0.000000] rcu: 	RCU restricting CPUs from NR_CPUS=256 to nr_cpu_ids=4.
[    0.000000] 	Trampoline variant of Tasks RCU enabled.
[    0.000000] 	Rude variant of Tasks RCU enabled.
[    0.000000] 	Tracing variant of Tasks RCU enabled.
[    0.000000] rcu: RCU calculated value of scheduler-enlistment delay is 25 jiffies.
[    0.000000] rcu: Adjusting geometry for rcu_fanout_leaf=16, nr_cpu_ids=4
[    0.000000] NR_IRQS: 64, nr_irqs: 64, preallocated irqs: 0
[    0.000000] Root IRQ handler: gic_handle_irq
[    0.000000] GIC: Using split EOI/Deactivate mode
[    0.000000] rcu: srcu_init: Setting srcu_struct sizes based on contention.
[    0.000000] arch_timer: cp15 timer(s) running at 54.00MHz (phys).
[    0.000000] clocksource: arch_sys_counter: mask: 0xffffffffffffff max_cycles: 0xc743ce346, max_idle_ns: 440795203123 ns
[    0.000001] sched_clock: 56 bits at 54MHz, resolution 18ns, wraps every 4398046511102ns
[    0.000332] Console: colour dummy device 80x25
[    0.000349] printk: console [tty1] enabled
[    0.001138] Calibrating delay loop (skipped), value calculated using timer frequency.. 108.00 BogoMIPS (lpj=216000)
[    0.001173] pid_max: default: 32768 minimum: 301
[    0.001260] LSM: initializing lsm=capability,integrity
[    0.001533] Mount-cache hash table entries: 16384 (order: 5, 131072 bytes, linear)
[    0.001666] Mountpoint-cache hash table entries: 16384 (order: 5, 131072 bytes, linear)
[    0.003907] RCU Tasks: Setting shift to 2 and lim to 1 rcu_task_cb_adjust=1 rcu_task_cpu_ids=4.
[    0.004041] RCU Tasks Rude: Setting shift to 2 and lim to 1 rcu_task_cb_adjust=1 rcu_task_cpu_ids=4.
[    0.004190] RCU Tasks Trace: Setting shift to 2 and lim to 1 rcu_task_cb_adjust=1 rcu_task_cpu_ids=4.
[    0.004466] rcu: Hierarchical SRCU implementation.
[    0.004485] rcu: 	Max phase no-delay instances is 1000.
[    0.006377] EFI services will not be available.
[    0.006704] smp: Bringing up secondary CPUs ...
[    0.007344] Detected PIPT I-cache on CPU1
[    0.007468] CPU1: Booted secondary processor 0x0000000001 [0x410fd083]
[    0.008216] Detected PIPT I-cache on CPU2
[    0.008305] CPU2: Booted secondary processor 0x0000000002 [0x410fd083]
[    0.008967] Detected PIPT I-cache on CPU3
[    0.009059] CPU3: Booted secondary processor 0x0000000003 [0x410fd083]
[    0.009159] smp: Brought up 1 node, 4 CPUs
[    0.009237] SMP: Total of 4 processors activated.
[    0.009253] CPU features: detected: 32-bit EL0 Support
[    0.009267] CPU features: detected: 32-bit EL1 Support
[    0.009284] CPU features: detected: CRC32 instructions
[    0.009389] CPU: All CPU(s) started at EL2
[    0.009413] alternatives: applying system-wide alternatives
[    0.012064] devtmpfs: initialized
[    0.022281] Enabled cp15_barrier support
[    0.022336] Enabled setend support
[    0.022508] clocksource: jiffies: mask: 0xffffffff max_cycles: 0xffffffff, max_idle_ns: 7645041785100000 ns
[    0.022549] futex hash table entries: 1024 (order: 4, 65536 bytes, linear)
[    0.024368] pinctrl core: initialized pinctrl subsystem
[    0.025387] DMI not present or invalid.
[    0.025890] NET: Registered PF_NETLINK/PF_ROUTE protocol family
[    0.027408] DMA: preallocated 1024 KiB GFP_KERNEL pool for atomic allocations
[    0.027691] DMA: preallocated 1024 KiB GFP_KERNEL|GFP_DMA pool for atomic allocations
[    0.028176] DMA: preallocated 1024 KiB GFP_KERNEL|GFP_DMA32 pool for atomic allocations
[    0.028262] audit: initializing netlink subsys (disabled)
[    0.028479] audit: type=2000 audit(0.028:1): state=initialized audit_enabled=0 res=1
[    0.029026] thermal_sys: Registered thermal governor 'step_wise'
[    0.029077] cpuidle: using governor menu
[    0.029362] hw-breakpoint: found 6 breakpoint and 4 watchpoint registers.
[    0.029497] ASID allocator initialised with 32768 entries
[    0.030455] Serial: AMBA PL011 UART driver
[    0.036542] bcm2835-mbox fe00b880.mailbox: mailbox enabled
[    0.044100] raspberrypi-firmware soc:firmware: Attached to firmware from 2024-11-26T12:52:28, variant start
[    0.048127] raspberrypi-firmware soc:firmware: Firmware hash is 2ae30f53898ae2f1ba77ff570a92991bedfb0398
[    0.058286] Modules: 2G module region forced by RANDOMIZE_MODULE_REGION_FULL
[    0.058317] Modules: 0 pages in range for non-PLT usage
[    0.058323] Modules: 517760 pages in range for PLT usage
[    0.061528] bcm2835-dma fe007000.dma-controller: DMA legacy API manager, dmachans=0x1
[    0.063243] iommu: Default domain type: Translated
[    0.063265] iommu: DMA domain TLB invalidation policy: strict mode
[    0.064907] SCSI subsystem initialized
[    0.065107] usbcore: registered new interface driver usbfs
[    0.065154] usbcore: registered new interface driver hub
[    0.065211] usbcore: registered new device driver usb
[    0.065579] pps_core: LinuxPPS API ver. 1 registered
[    0.065597] pps_core: Software ver. 5.3.6 - Copyright 2005-2007 Rodolfo Giometti <giometti@linux.it>
[    0.065627] PTP clock support registered
[    0.066666] vgaarb: loaded
[    0.067175] clocksource: Switched to clocksource arch_sys_counter
[    0.067638] VFS: Disk quotas dquot_6.6.0
[    0.067694] VFS: Dquot-cache hash table entries: 512 (order 0, 4096 bytes)
[    0.067816] FS-Cache: Loaded
[    0.071221] CacheFiles: Loaded
[    0.078864] NET: Registered PF_INET protocol family
[    0.079888] IP idents hash table entries: 131072 (order: 8, 1048576 bytes, linear)
[    0.088364] tcp_listen_portaddr_hash hash table entries: 4096 (order: 4, 65536 bytes, linear)
[    0.088480] Table-perturb hash table entries: 65536 (order: 6, 262144 bytes, linear)
[    0.088572] TCP established hash table entries: 65536 (order: 7, 524288 bytes, linear)
[    0.089057] TCP bind hash table entries: 65536 (order: 9, 2097152 bytes, linear)
[    0.091600] TCP: Hash tables configured (established 65536 bind 65536)
[    0.092197] MPTCP token hash table entries: 8192 (order: 5, 196608 bytes, linear)
[    0.092537] UDP hash table entries: 4096 (order: 5, 131072 bytes, linear)
[    0.092672] UDP-Lite hash table entries: 4096 (order: 5, 131072 bytes, linear)
[    0.092978] NET: Registered PF_UNIX/PF_LOCAL protocol family
[    0.093613] RPC: Registered named UNIX socket transport module.
[    0.093639] RPC: Registered udp transport module.
[    0.093653] RPC: Registered tcp transport module.
[    0.093667] RPC: Registered tcp-with-tls transport module.
[    0.093681] RPC: Registered tcp NFSv4.1 backchannel transport module.
[    0.093708] PCI: CLS 0 bytes, default 64
[    0.094170] Trying to unpack rootfs image as initramfs...
[    0.099487] kvm [1]: IPA Size Limit: 44 bits
[    0.100770] kvm [1]: vgic interrupt IRQ9
[    0.100834] kvm [1]: Hyp mode initialized successfully
[    0.635337] Freeing initrd memory: 12608K
[    1.098872] Initialise system trusted keyrings
[    1.099266] workingset: timestamp_bits=42 max_order=21 bucket_order=0
[    1.099350] zbud: loaded
[    1.100047] NFS: Registering the id_resolver key type
[    1.100082] Key type id_resolver registered
[    1.100097] Key type id_legacy registered
[    1.100128] nfs4filelayout_init: NFSv4 File Layout Driver Registering...
[    1.100147] nfs4flexfilelayout_init: NFSv4 Flexfile Layout Driver Registering...
[    1.100810] Key type asymmetric registered
[    1.100833] Asymmetric key parser 'x509' registered
[    1.100897] Block layer SCSI generic (bsg) driver version 0.4 loaded (major 247)
[    1.101080] io scheduler mq-deadline registered
[    1.101100] io scheduler kyber registered
[    1.101145] io scheduler bfq registered
[    1.104106] pinctrl-bcm2835 fe200000.gpio: GPIO_OUT persistence: yes
[    1.106381] brcm-pcie fd500000.pcie: host bridge /scb/pcie@7d500000 ranges:
[    1.106422] brcm-pcie fd500000.pcie:   No bus range found for /scb/pcie@7d500000, using [bus 00-ff]
[    1.106477] brcm-pcie fd500000.pcie:      MEM 0x0600000000..0x067fffffff -> 0x0080000000
[    1.106526] brcm-pcie fd500000.pcie:   IB MEM 0x0000000000..0x01ffffffff -> 0x0400000000
[    1.107588] brcm-pcie fd500000.pcie: PCI host bridge to bus 0000:00
[    1.107617] pci_bus 0000:00: root bus resource [bus 00-ff]
[    1.107640] pci_bus 0000:00: root bus resource [mem 0x600000000-0x67fffffff] (bus address [0x80000000-0xffffffff])
[    1.107707] pci 0000:00:00.0: [14e4:2711] type 01 class 0x060400
[    1.107810] pci 0000:00:00.0: PME# supported from D0 D3hot
[    1.111384] pci 0000:00:00.0: bridge configuration invalid ([bus 00-00]), reconfiguring
[    1.111541] pci_bus 0000:01: supply vpcie3v3 not found, using dummy regulator
[    1.111695] pci_bus 0000:01: supply vpcie3v3aux not found, using dummy regulator
[    1.111764] pci_bus 0000:01: supply vpcie12v not found, using dummy regulator
[    1.221259] brcm-pcie fd500000.pcie: link up, 5.0 GT/s PCIe x1 (SSC)
[    1.221408] pci 0000:01:00.0: [1106:3483] type 00 class 0x0c0330
[    1.221511] pci 0000:01:00.0: reg 0x10: [mem 0x00000000-0x00000fff 64bit]
[    1.221806] pci 0000:01:00.0: PME# supported from D0 D3hot
[    1.231255] pci_bus 0000:01: busn_res: [bus 01-ff] end is updated to 01
[    1.231303] pci 0000:00:00.0: BAR 8: assigned [mem 0x600000000-0x6000fffff]
[    1.231330] pci 0000:01:00.0: BAR 0: assigned [mem 0x600000000-0x600000fff 64bit]
[    1.231401] pci 0000:00:00.0: PCI bridge to [bus 01]
[    1.231421] pci 0000:00:00.0:   bridge window [mem 0x600000000-0x6000fffff]
[    1.231681] pcieport 0000:00:00.0: enabling device (0000 -> 0002)
[    1.231838] pcieport 0000:00:00.0: PME: Signaling with IRQ 26
[    1.232172] pcieport 0000:00:00.0: AER: enabled with IRQ 26
[    1.232552] brcm-pcie fd500000.pcie: clkreq control enabled
[    1.233021] bcm2708_fb soc:fb: Unable to determine number of FBs. Disabling driver.
[    1.233047] bcm2708_fb: probe of soc:fb failed with error -2
[    1.241489] iproc-rng200 fe104000.rng: hwrng registered
[    1.241718] vc-mem: phys_addr:0x00000000 mem_base=0x3ec00000 mem_size:0x40000000(1024 MiB)
[    1.252780] brd: module loaded
[    1.259344] loop: module loaded
[    1.259896] Loading iSCSI transport class v2.0-870.
[    1.263978] bcmgenet fd580000.ethernet: GENET 5.0 EPHY: 0x0000
[    1.475254] unimac-mdio unimac-mdio.-19: Broadcom UniMAC MDIO bus
[    1.476303] usbcore: registered new device driver r8152-cfgselector
[    1.476362] usbcore: registered new interface driver r8152
[    1.476406] usbcore: registered new interface driver lan78xx
[    1.476458] usbcore: registered new interface driver smsc95xx
[    1.524007] xhci_hcd 0000:01:00.0: xHCI Host Controller
[    1.524049] xhci_hcd 0000:01:00.0: new USB bus registered, assigned bus number 1
[    1.525823] xhci_hcd 0000:01:00.0: hcc params 0x002841eb hci version 0x100 quirks 0x0300240000000890
[    1.526619] xhci_hcd 0000:01:00.0: xHCI Host Controller
[    1.526648] xhci_hcd 0000:01:00.0: new USB bus registered, assigned bus number 2
[    1.526676] xhci_hcd 0000:01:00.0: Host supports USB 3.0 SuperSpeed
[    1.526920] usb usb1: New USB device found, idVendor=1d6b, idProduct=0002, bcdDevice= 6.06
[    1.526949] usb usb1: New USB device strings: Mfr=3, Product=2, SerialNumber=1
[    1.526972] usb usb1: Product: xHCI Host Controller
[    1.526988] usb usb1: Manufacturer: Linux 6.6.62+rpt-rpi-v8 xhci-hcd
[    1.527006] usb usb1: SerialNumber: 0000:01:00.0
[    1.527617] hub 1-0:1.0: USB hub found
[    1.527669] hub 1-0:1.0: 1 port detected
[    1.528265] usb usb2: New USB device found, idVendor=1d6b, idProduct=0003, bcdDevice= 6.06
[    1.528294] usb usb2: New USB device strings: Mfr=3, Product=2, SerialNumber=1
[    1.528316] usb usb2: Product: xHCI Host Controller
[    1.528333] usb usb2: Manufacturer: Linux 6.6.62+rpt-rpi-v8 xhci-hcd
[    1.528350] usb usb2: SerialNumber: 0000:01:00.0
[    1.528815] hub 2-0:1.0: USB hub found
[    1.528869] hub 2-0:1.0: 4 ports detected
[    1.529754] dwc_otg: version 3.00a 10-AUG-2012 (platform bus)
[    1.529859] dwc_otg: FIQ enabled
[    1.529866] dwc_otg: NAK holdoff enabled
[    1.529871] dwc_otg: FIQ split-transaction FSM enabled
[    1.529886] Module dwc_common_port init
[    1.530526] usbcore: registered new interface driver uas
[    1.530595] usbcore: registered new interface driver usb-storage
[    1.531002] mousedev: PS/2 mouse device common for all mice
[    1.534369] sdhci: Secure Digital Host Controller Interface driver
[    1.534401] sdhci: Copyright(c) Pierre Ossman
[    1.534605] sdhci-pltfm: SDHCI platform and OF driver helper
[    1.541210] ledtrig-cpu: registered to indicate activity on CPUs
[    1.541346] hid: raw HID events driver (C) Jiri Kosina
[    1.541393] usbcore: registered new interface driver usbhid
[    1.541400] usbhid: USB HID core driver
[    1.543932] hw perfevents: enabled with armv8_cortex_a72 PMU driver, 7 counters available
[    1.544452] NET: Registered PF_PACKET protocol family
[    1.544496] Key type dns_resolver registered
[    1.555701] registered taskstats version 1
[    1.555873] Loading compiled-in X.509 certificates
[    1.561276] Key type .fscrypt registered
[    1.561304] Key type fscrypt-provisioning registered
[    1.564885] uart-pl011 fe201000.serial: there is not valid maps for state default
[    1.565084] uart-pl011 fe201000.serial: cts_event_workaround enabled
[    1.565261] fe201000.serial: ttyAMA1 at MMIO 0xfe201000 (irq = 35, base_baud = 0) is a PL011 rev2
[    1.565358] serial serial0: tty port ttyAMA1 registered
[    1.566508] bcm2835-wdt bcm2835-wdt: Broadcom BCM2835 watchdog timer
[    1.566621] bcm2835-power bcm2835-power: Broadcom BCM2835 power domains driver
[    1.567081] mmc-bcm2835 fe300000.mmcnr: mmc_debug:0 mmc_debug2:0
[    1.567092] mmc-bcm2835 fe300000.mmcnr: DMA channel allocated
[    1.595990] of_cfs_init
[    1.596120] of_cfs_init: OK
[    1.632156] mmc0: SDHCI controller on fe340000.mmc [fe340000.mmc] using ADMA
[    1.634789] bcmgenet fd580000.ethernet: configuring instance for external RGMII (RX delay)
[    1.635875] bcmgenet fd580000.ethernet eth0: Link is Down
[    1.674928] mmc1: new high speed SDIO card at address 0001
[    1.729721] mmc0: new ultra high speed DDR50 SDXC card at address 5048
[    1.730161] mmcblk0: mmc0:5048 SD128 119 GiB
[    1.732118]  mmcblk0: p1 p2
[    1.732322] mmcblk0: mmc0:5048 SD128 119 GiB (quirks 0x00004000)
[    1.783212] usb 1-1: new high-speed USB device number 2 using xhci_hcd
[    1.933788] usb 1-1: New USB device found, idVendor=2109, idProduct=3431, bcdDevice= 4.21
[    1.933821] usb 1-1: New USB device strings: Mfr=0, Product=1, SerialNumber=0
[    1.933843] usb 1-1: Product: USB2.0 Hub
[    1.935542] hub 1-1:1.0: USB hub found
[    1.935879] hub 1-1:1.0: 4 ports detected
[    2.231192] usb 1-1.3: new low-speed USB device number 3 using xhci_hcd
[    2.338991] usb 1-1.3: New USB device found, idVendor=046d, idProduct=c077, bcdDevice=72.00
[    2.339023] usb 1-1.3: New USB device strings: Mfr=1, Product=2, SerialNumber=0
[    2.339045] usb 1-1.3: Product: USB Optical Mouse
[    2.339063] usb 1-1.3: Manufacturer: Logitech
[    2.347318] input: Logitech USB Optical Mouse as /devices/platform/scb/fd500000.pcie/pci0000:00/0000:00:00.0/0000:01:00.0/usb1/1-1/1-1.3/1-1.3:1.0/0003:046D:C077.0001/input/input0
[    2.347700] hid-generic 0003:046D:C077.0001: input,hidraw0: USB HID v1.11 Mouse [Logitech USB Optical Mouse] on usb-0000:01:00.0-1.3/input0
[    2.427213] usb 1-1.4: new low-speed USB device number 4 using xhci_hcd
[    2.535520] usb 1-1.4: New USB device found, idVendor=046d, idProduct=c31c, bcdDevice=64.00
[    2.535551] usb 1-1.4: New USB device strings: Mfr=1, Product=2, SerialNumber=0
[    2.535573] usb 1-1.4: Product: USB Keyboard
[    2.535589] usb 1-1.4: Manufacturer: Logitech
[    2.546473] input: Logitech USB Keyboard as /devices/platform/scb/fd500000.pcie/pci0000:00/0000:00:00.0/0000:01:00.0/usb1/1-1/1-1.4/1-1.4:1.0/0003:046D:C31C.0002/input/input1
[    2.603987] hid-generic 0003:046D:C31C.0002: input,hidraw1: USB HID v1.10 Keyboard [Logitech USB Keyboard] on usb-0000:01:00.0-1.4/input0
[    2.617219] input: Logitech USB Keyboard Consumer Control as /devices/platform/scb/fd500000.pcie/pci0000:00/0000:00:00.0/0000:01:00.0/usb1/1-1/1-1.4/1-1.4:1.1/0003:046D:C31C.0003/input/input2
[    2.675443] input: Logitech USB Keyboard System Control as /devices/platform/scb/fd500000.pcie/pci0000:00/0000:00:00.0/0000:01:00.0/usb1/1-1/1-1.4/1-1.4:1.1/0003:046D:C31C.0003/input/input3
[    2.675736] hid-generic 0003:046D:C31C.0003: input,hidraw2: USB HID v1.10 Device [Logitech USB Keyboard] on usb-0000:01:00.0-1.4/input1
[    4.703604] bcmgenet fd580000.ethernet eth0: Link is Up - 1Gbps/Full - flow control rx/tx
[    4.727201] IP-Config: Complete:
[    4.727217]      device=eth0, hwaddr=d8:3a:dd:6f:a3:94, ipaddr=169.254.55.240, mask=255.255.0.0, gw=255.255.255.255
[    4.727247]      host=169.254.55.240, domain=, nis-domain=(none)
[    4.727264]      bootserver=255.255.255.255, rootserver=255.255.255.255, rootpath=
[    4.727515] clk: Disabling unused clocks
[    4.736226] Freeing unused kernel memory: 4864K
[    4.736464] Run /init as init process
[    4.736480]   with arguments:
[    4.736485]     /init
[    4.736491]     nosplash
[    4.736496]   with environment:
[    4.736501]     HOME=/
[    4.736507]     TERM=linux
[    4.736512]     autologin-user=nc4
[    5.365048] EXT4-fs (mmcblk0p2): mounted filesystem a36be96c-66be-4487-a7a6-0481bca99d89 ro with ordered data mode. Quota mode: none.
[    5.841607] systemd[1]: System time before build time, advancing clock.
[    5.945841] NET: Registered PF_INET6 protocol family
[    5.946571] Segment Routing with IPv6
[    5.946590] In-situ OAM (IOAM) with IPv6
[    5.990911] systemd[1]: systemd 252.31-1~deb12u1 running in system mode (+PAM +AUDIT +SELINUX +APPARMOR +IMA +SMACK +SECCOMP +GCRYPT -GNUTLS +OPENSSL +ACL +BLKID +CURL +ELFUTILS +FIDO2 +IDN2 -IDN +IPTC +KMOD +LIBCRYPTSETUP +LIBFDISK +PCRE2 -PWQUALITY +P11KIT +QRENCODE +TPM2 +BZIP2 +LZ4 +XZ +ZLIB +ZSTD -BPF_FRAMEWORK -XKBCOMMON +UTMP +SYSVINIT default-hierarchy=unified)
[    5.990987] systemd[1]: Detected architecture arm64.
[    5.995516] systemd[1]: Hostname set to <raspberrypi>.
[    6.585945] systemd[1]: /lib/systemd/system/writeboost.service:28: Standard output type syslog+console is obsolete, automatically updating to journal+console. Please update your unit file, and consider removing the setting altogether.
[    6.593102] systemd[1]: Queued start job for default target multi-user.target.
[    6.617838] systemd[1]: Created slice system-getty.slice - Slice /system/getty.
[    6.619516] systemd[1]: Created slice system-kmsconvt.slice - Slice /system/kmsconvt.
[    6.620831] systemd[1]: Created slice system-modprobe.slice - Slice /system/modprobe.
[    6.622075] systemd[1]: Created slice system-systemd\x2dfsck.slice - Slice /system/systemd-fsck.
[    6.622897] systemd[1]: Created slice user.slice - User and Session Slice.
[    6.623756] systemd[1]: Started systemd-ask-password-wall.path - Forward Password Requests to Wall Directory Watch.
[    6.624697] systemd[1]: Set up automount proc-sys-fs-binfmt_misc.automount - Arbitrary Executable File Formats File System Automount Point.
[    6.624980] systemd[1]: Expecting device dev-disk-by\x2dpartuuid-60ff2e57\x2d01.device - /dev/disk/by-partuuid/60ff2e57-01...
[    6.625257] systemd[1]: Reached target integritysetup.target - Local Integrity Protected Volumes.
[    6.625666] systemd[1]: Reached target slices.target - Slice Units.
[    6.625915] systemd[1]: Reached target swap.target - Swaps.
[    6.626166] systemd[1]: Reached target veritysetup.target - Local Verity Protected Volumes.
[    6.626896] systemd[1]: Listening on systemd-fsckd.socket - fsck to fsckd communication Socket.
[    6.627237] systemd[1]: Listening on systemd-initctl.socket - initctl Compatibility Named Pipe.
[    6.628025] systemd[1]: Listening on systemd-journald-audit.socket - Journal Audit Socket.
[    6.628505] systemd[1]: Listening on systemd-journald-dev-log.socket - Journal Socket (/dev/log).
[    6.628982] systemd[1]: Listening on systemd-journald.socket - Journal Socket.
[    6.630863] systemd[1]: Listening on systemd-udevd-control.socket - udev Control Socket.
[    6.631412] systemd[1]: Listening on systemd-udevd-kernel.socket - udev Kernel Socket.
[    6.631934] systemd[1]: dev-hugepages.mount - Huge Pages File System was skipped because of an unmet condition check (ConditionPathExists=/sys/kernel/mm/hugepages).
[    6.633797] systemd[1]: Mounting dev-mqueue.mount - POSIX Message Queue File System...
[    6.636082] systemd[1]: Mounting sys-kernel-debug.mount - Kernel Debug File System...
[    6.638201] systemd[1]: Mounting sys-kernel-tracing.mount - Kernel Trace File System...
[    6.638737] systemd[1]: auth-rpcgss-module.service - Kernel Module supporting RPCSEC_GSS was skipped because of an unmet condition check (ConditionPathExists=/etc/krb5.keytab).
[    6.643301] systemd[1]: Starting fake-hwclock.service - Restore / save the current clock...
[    6.646163] systemd[1]: Starting keyboard-setup.service - Set the console keyboard layout...
[    6.649054] systemd[1]: Starting kmod-static-nodes.service - Create List of Static Device Nodes...
[    6.652608] systemd[1]: Starting modprobe@configfs.service - Load Kernel Module configfs...
[    6.656146] systemd[1]: Starting modprobe@dm_mod.service - Load Kernel Module dm_mod...
[    6.659842] systemd[1]: Starting modprobe@drm.service - Load Kernel Module drm...
[    6.665112] systemd[1]: Starting modprobe@efi_pstore.service - Load Kernel Module efi_pstore...
[    6.669617] systemd[1]: Starting modprobe@fuse.service - Load Kernel Module fuse...
[    6.673795] systemd[1]: Starting modprobe@loop.service - Load Kernel Module loop...
[    6.674274] systemd[1]: systemd-fsck-root.service - File System Check on Root Device was skipped because of an unmet condition check (ConditionPathExists=!/run/initramfs/fsck-root).
[    6.678954] systemd[1]: Starting systemd-journald.service - Journal Service...
[    6.692241] systemd[1]: Starting systemd-modules-load.service - Load Kernel Modules...
[    6.698395] systemd[1]: Starting systemd-remount-fs.service - Remount Root and Kernel File Systems...
[    6.698536] device-mapper: ioctl: 4.48.0-ioctl (2023-03-01) initialised: dm-devel@redhat.com
[    6.701494] systemd[1]: Starting systemd-udev-trigger.service - Coldplug All udev Devices...
[    6.704407] systemd[1]: Starting writeboost.service - (dm-)writeboost mapper...
[    6.707962] fuse: init (API version 7.39)
[    6.708705] systemd[1]: Mounted dev-mqueue.mount - POSIX Message Queue File System.
[    6.709317] systemd[1]: Mounted sys-kernel-debug.mount - Kernel Debug File System.
[    6.709689] systemd[1]: Mounted sys-kernel-tracing.mount - Kernel Trace File System.
[    6.710467] systemd[1]: Finished kmod-static-nodes.service - Create List of Static Device Nodes.
[    6.711690] systemd[1]: modprobe@configfs.service: Deactivated successfully.
[    6.712110] systemd[1]: Finished modprobe@configfs.service - Load Kernel Module configfs.
[    6.713497] systemd[1]: modprobe@dm_mod.service: Deactivated successfully.
[    6.713886] systemd[1]: Finished modprobe@dm_mod.service - Load Kernel Module dm_mod.
[    6.714813] systemd[1]: modprobe@efi_pstore.service: Deactivated successfully.
[    6.715416] systemd[1]: Finished modprobe@efi_pstore.service - Load Kernel Module efi_pstore.
[    6.716717] systemd[1]: modprobe@fuse.service: Deactivated successfully.
[    6.717407] systemd[1]: Finished modprobe@fuse.service - Load Kernel Module fuse.
[    6.719041] systemd[1]: modprobe@loop.service: Deactivated successfully.
[    6.719812] systemd[1]: Finished modprobe@loop.service - Load Kernel Module loop.
[    6.727531] systemd[1]: Mounting sys-fs-fuse-connections.mount - FUSE Control File System...
[    6.730161] systemd[1]: Mounting sys-kernel-config.mount - Kernel Configuration File System...
[    6.730671] systemd[1]: systemd-repart.service - Repartition Root Disk was skipped because no trigger condition checks were met.
[    6.733115] systemd[1]: Mounted sys-fs-fuse-connections.mount - FUSE Control File System.
[    6.738026] systemd[1]: Mounted sys-kernel-config.mount - Kernel Configuration File System.
[    6.743338] systemd[1]: Finished writeboost.service - (dm-)writeboost mapper.
[    6.756098] systemd[1]: Finished fake-hwclock.service - Restore / save the current clock.
[    6.758345] i2c_dev: i2c /dev entries driver
[    6.761659] EXT4-fs (mmcblk0p2): re-mounted a36be96c-66be-4487-a7a6-0481bca99d89 r/w. Quota mode: none.
[    6.764796] [drm:drm_core_init [drm]] Initialized
[    6.765339] systemd[1]: Finished systemd-modules-load.service - Load Kernel Modules.
[    6.767145] systemd[1]: modprobe@drm.service: Deactivated successfully.
[    6.767498] systemd[1]: Finished modprobe@drm.service - Load Kernel Module drm.
[    6.768285] systemd[1]: Finished systemd-remount-fs.service - Remount Root and Kernel File Systems.
[    6.768887] systemd[1]: systemd-firstboot.service - First Boot Wizard was skipped because of an unmet condition check (ConditionFirstBoot=yes).
[    6.769076] systemd[1]: systemd-pstore.service - Platform Persistent Storage Archival was skipped because of an unmet condition check (ConditionDirectoryNotEmpty=/sys/fs/pstore).
[    6.787831] systemd[1]: Starting systemd-random-seed.service - Load/Save Random Seed...
[    6.790810] systemd[1]: Starting systemd-sysctl.service - Apply Kernel Variables...
[    6.794947] systemd[1]: Starting systemd-sysusers.service - Create System Users...
[    6.823397] systemd[1]: Started systemd-journald.service - Journal Service.
[    6.854427] systemd-journald[244]: Received client request to flush runtime journal.
[    6.867417] systemd-journald[244]: File /var/log/journal/e43f570a37704852b11cff2997cd5dc4/system.journal corrupted or uncleanly shut down, renaming and replacing.
[    7.635816] mc: Linux media interface: v0.10
[    7.653658] vc_sm_cma: module is from the staging directory, the quality is unknown, you have been warned.
[    7.654371] bcm2835_vc_sm_cma_probe: Videocore shared memory driver
[    7.654390] [vc_sm_connected_init]: start
[    7.657547] rpi-gpiomem fe200000.gpiomem: window base 0xfe200000 size 0x00001000
[    7.657809] rpi-gpiomem fe200000.gpiomem: initialised 1 regions as /dev/gpiomem
[    7.660897] [vc_sm_connected_init]: installed successfully
[    7.875450] videodev: Linux video capture interface: v2.00
[    7.912051] snd_bcm2835: module is from the staging directory, the quality is unknown, you have been warned.
[    7.959317] bcm2835_audio bcm2835_audio: card created with 8 channels
[    7.978425] bcm2835_mmal_vchiq: module is from the staging directory, the quality is unknown, you have been warned.
[    7.981280] cfg80211: Loading compiled-in X.509 certificates for regulatory database
[    7.996588] Loaded X.509 cert 'benh@debian.org: 577e021cb980e0e820821ba7b54b4961b8b4fadf'
[    7.996946] Loaded X.509 cert 'romain.perier@gmail.com: 3abbc6ec146e09d1b6016ab9d6cf71dd233f0328'
[    7.997276] Loaded X.509 cert 'sforshee: 00b28ddf47aef9cea7'
[    7.997594] Loaded X.509 cert 'wens: 61c038651aabdcf94bd0ac7ff06c7248db18c600'
[    8.017900] bcm2835_isp: module is from the staging directory, the quality is unknown, you have been warned.
[    8.021828] rpivid_hevc: module is from the staging directory, the quality is unknown, you have been warned.
[    8.022735] bcm2835_v4l2: module is from the staging directory, the quality is unknown, you have been warned.
[    8.023908] bcm2835_codec: module is from the staging directory, the quality is unknown, you have been warned.
[    8.082727] bcm2835-isp bcm2835-isp: Device node output[0] registered as /dev/video13
[    8.083471] rpivid feb10000.codec: Device registered as /dev/video19
[    8.083569] Bluetooth: Core ver 2.22
[    8.083606] NET: Registered PF_BLUETOOTH protocol family
[    8.083609] Bluetooth: HCI device and connection manager initialized
[    8.083621] Bluetooth: HCI socket layer initialized
[    8.083626] Bluetooth: L2CAP socket layer initialized
[    8.083635] Bluetooth: SCO socket layer initialized
[    8.089549] bcm2835-isp bcm2835-isp: Device node capture[0] registered as /dev/video14
[    8.090581] bcm2835-isp bcm2835-isp: Device node capture[1] registered as /dev/video15
[    8.092140] bcm2835-isp bcm2835-isp: Device node stats[2] registered as /dev/video16
[    8.092167] bcm2835-isp bcm2835-isp: Register output node 0 with media controller
[    8.092175] bcm2835-isp bcm2835-isp: Register capture node 1 with media controller
[    8.092179] bcm2835-isp bcm2835-isp: Register capture node 2 with media controller
[    8.092183] bcm2835-isp bcm2835-isp: Register capture node 3 with media controller
[    8.105726] brcmfmac: F1 signature read @0x18000000=0x15264345
[    8.115426] brcmfmac: brcmf_fw_alloc_request: using brcm/brcmfmac43455-sdio for chip BCM4345/6
[    8.118324] bcm2835-codec bcm2835-codec: Device registered as /dev/video10
[    8.118357] bcm2835-codec bcm2835-codec: Loaded V4L2 decode
[    8.125702] bcm2835-isp bcm2835-isp: Device node output[0] registered as /dev/video20
[    8.137728] bcm2835-codec bcm2835-codec: Device registered as /dev/video11
[    8.137763] bcm2835-codec bcm2835-codec: Loaded V4L2 encode
[    8.141090] bcm2835-isp bcm2835-isp: Device node capture[0] registered as /dev/video21
[    8.145086] usbcore: registered new interface driver brcmfmac
[    8.171093] bcm2835-isp bcm2835-isp: Device node capture[1] registered as /dev/video22
[    8.175826] Bluetooth: HCI UART driver ver 2.3
[    8.175851] Bluetooth: HCI UART protocol H4 registered
[    8.180123] Bluetooth: HCI UART protocol Three-wire (H5) registered
[    8.180593] bcm2835-codec bcm2835-codec: Device registered as /dev/video12
[    8.180629] bcm2835-codec bcm2835-codec: Loaded V4L2 isp
[    8.181663] Bluetooth: HCI UART protocol Broadcom registered
[    8.181740] hci_uart_bcm serial0-0: supply vbat not found, using dummy regulator
[    8.184020] bcm2835-isp bcm2835-isp: Device node stats[2] registered as /dev/video23
[    8.184062] bcm2835-isp bcm2835-isp: Register output node 0 with media controller
[    8.184072] bcm2835-isp bcm2835-isp: Register capture node 1 with media controller
[    8.184077] bcm2835-isp bcm2835-isp: Register capture node 2 with media controller
[    8.184081] bcm2835-isp bcm2835-isp: Register capture node 3 with media controller
[    8.191015] hci_uart_bcm serial0-0: supply vddio not found, using dummy regulator
[    8.206460] bcm2835-isp bcm2835-isp: Loaded V4L2 bcm2835-isp
[    8.212153] bcm2835-codec bcm2835-codec: Device registered as /dev/video18
[    8.212181] bcm2835-codec bcm2835-codec: Loaded V4L2 image_fx
[    8.217566] bcm2835-codec bcm2835-codec: Device registered as /dev/video31
[    8.217597] bcm2835-codec bcm2835-codec: Loaded V4L2 encode_image
[    8.311327] uart-pl011 fe201000.serial: no DMA platform data
[    8.446769] brcmfmac: brcmf_c_process_txcap_blob: no txcap_blob available (err=-2)
[    8.447371] brcmfmac: brcmf_c_preinit_dcmds: Firmware: BCM4345/6 wl0: Aug 29 2023 01:47:08 version 7.45.265 (28bca26 CY) FWID 01-b677b91b
[    8.465546] alsactl[426]: memfd_create() called without MFD_EXEC or MFD_NOEXEC_SEAL set
[    8.551853] Bluetooth: hci0: BCM: chip id 107
[    8.552106] Bluetooth: hci0: BCM: features 0x2f
[    8.553181] Bluetooth: hci0: BCM4345C0
[    8.553199] Bluetooth: hci0: BCM4345C0 (003.001.025) build 0000
[    8.555857] Bluetooth: hci0: BCM4345C0 'brcm/BCM4345C0.raspberrypi,4-model-b.hcd' Patch
[    8.572608] spl: loading out-of-tree module taints kernel.
[    8.770141] zfs: module license 'CDDL' taints kernel.
[    8.770156] Disabling lock debugging due to kernel taint
[    8.770212] zfs: module license taints kernel.
[    9.235799] Bluetooth: hci0: BCM: features 0x2f
[    9.237091] Bluetooth: hci0: BCM43455 37.4MHz Raspberry Pi 3+-0190
[    9.237098] Bluetooth: hci0: BCM4345C0 (003.001.025) build 0382
[    9.897149] ZFS: Loaded module v2.2.3-1~bpo12+1~rpt1, ZFS pool version 5000, ZFS filesystem version 5
[   10.546611] Adding 524284k swap on /var/swap.  Priority:-2 extents:5 across:2211836k SS
[   10.681406] Bluetooth: BNEP (Ethernet Emulation) ver 1.3
[   10.681422] Bluetooth: BNEP filters: protocol multicast
[   10.681433] Bluetooth: BNEP socket layer initialized
[   10.687250] Bluetooth: MGMT ver 1.22
[   10.706634] NET: Registered PF_ALG protocol family
[   11.589429] brcmfmac: brcmf_cfg80211_set_power_mgmt: power save enabled
[   18.132954] OF: overlay: WARNING: memory leak will occur if overlay removed, property: /soc/spi@7e215080/pinctrl-names
[   18.132978] OF: overlay: WARNING: memory leak will occur if overlay removed, property: /soc/spi@7e215080/pinctrl-0
[   18.132985] OF: overlay: WARNING: memory leak will occur if overlay removed, property: /soc/spi@7e215080/cs-gpios
[   18.132993] OF: overlay: WARNING: memory leak will occur if overlay removed, property: /soc/spi@7e215080/status
[   18.133023] OF: overlay: WARNING: memory leak will occur if overlay removed, property: /soc/aux@7e215000/status
[   18.161680] OF: overlay: WARNING: memory leak will occur if overlay removed, property: /soc/spi@7e215080/status
[   18.163815] spi-bcm2835aux fe215080.spi: chipselect 0 already in use
[   18.163834] spi_master spi1: spi_device register error /soc/spi@7e215080/pitft0@0
[   18.163853] of_spi_notify: failed to create for '/soc/spi@7e215080/pitft0@0'
[   18.163861] OF: changeset notifier error @/soc/spi@7e215080/pitft0@0
[   18.163883] spi-bcm2835aux fe215080.spi: chipselect 1 already in use
[   18.163887] spi_master spi1: spi_device register error /soc/spi@7e215080/pitft1@1
[   18.163895] of_spi_notify: failed to create for '/soc/spi@7e215080/pitft1@1'
[   18.163902] OF: changeset notifier error @/soc/spi@7e215080/pitft1@1
[   18.163919] spi-bcm2835aux fe215080.spi: chipselect 2 already in use
[   18.163923] spi_master spi1: spi_device register error /soc/spi@7e215080/pitft2@2
[   18.163931] of_spi_notify: failed to create for '/soc/spi@7e215080/pitft2@2'
[   18.163938] OF: changeset notifier error @/soc/spi@7e215080/pitft2@2
[   18.165025] OF: overlay: overlay apply changeset entry notify error -16
[   35.147945] Bluetooth: RFCOMM TTY layer initialized
[   35.147975] Bluetooth: RFCOMM socket layer initialized
[   35.147995] Bluetooth: RFCOMM ver 1.11

=== Decompiled Device Tree ===
Decompiled device tree saved to: /home/nc4/TouchscreenApparatus/src/drivers/debug/SPI1_debug/live_device_tree_nospi0_kmshack_delayspi1.dts

=== SPI Nodes in Live Device Tree ===
		spi@7e204600 {
			compatible = "brcm,bcm2835-spi";
			spi5_pins {
			spi1_cs_pins {
			spi3-gpio0 {
				pins-spi {
			spi4_pins {
			spi3_cs_pins {
			spi4-gpio4 {
				pins-spi {
			spi0-gpio46 {
				pins-spi {
			spi3_pins {
			spi5_cs_pins {
			spi2-gpio46 {
				pins-spi {
			spi1-gpio16 {
			spi0-gpio7 {
			spi0_cs_pins {
			spi6-gpio18 {
				pins-spi {
			spi1_pins {
			spi2-gpio40 {
			spi0_pins {
			spi4_cs_pins {
			spi5-gpio12 {
				pins-spi {
			spi6_pins {
			spi0-gpio35 {
			spi6_cs_pins {
		spi@7e204a00 {
			compatible = "brcm,bcm2835-spi";
		spi@7e204800 {
			compatible = "brcm,bcm2835-spi";
		spi@7e215080 {
			compatible = "brcm,bcm2835-aux-spi";
				spi-max-frequency = <0x1312d00>;
				spi-max-frequency = <0x1312d00>;
			spidev@2 {
				spi-max-frequency = <0x7735940>;
				compatible = "spidev";
				spi-max-frequency = <0x1312d00>;
			spidev@0 {
				spi-max-frequency = <0x7735940>;
				compatible = "spidev";
			spidev@1 {
				spi-max-frequency = <0x7735940>;
				compatible = "spidev";
		spi@7e2150c0 {
			compatible = "brcm,bcm2835-aux-spi";
		spi@7e204c00 {
			compatible = "brcm,bcm2835-spi";
		spi@7e204000 {
			compatible = "brcm,bcm2835-spi";
			spidev@0 {
				spi-max-frequency = <0x7735940>;
				compatible = "spidev";
			spidev@1 {
				spi-max-frequency = <0x7735940>;
				compatible = "spidev";
		spi2 = "/soc/spi@7e2150c0";
		spi0 = "/soc/spi@7e204000";
		spi5 = "/soc/spi@7e204a00";
		spi3 = "/soc/spi@7e204600";
		spi1 = "/soc/spi@7e215080";
		spi6 = "/soc/spi@7e204c00";
		spi4 = "/soc/spi@7e204800";
			enable-method = "spin-table";
			enable-method = "spin-table";
			enable-method = "spin-table";
			enable-method = "spin-table";
		spi5_pins = "/soc/gpio@7e200000/spi5_pins";
		spi0_gpio46 = "/soc/gpio@7e200000/spi0-gpio46";
		spi2 = "/soc/spi@7e2150c0";
		spidev1 = "/soc/spi@7e204000/spidev@1";
		spi2_gpio46 = "/soc/gpio@7e200000/spi2-gpio46";
		spi0 = "/soc/spi@7e204000";
		spi1_gpio16 = "/soc/gpio@7e200000/spi1-gpio16";
		spi4_pins = "/soc/gpio@7e200000/spi4_pins";
		spi0_gpio7 = "/soc/gpio@7e200000/spi0-gpio7";
		spi3_cs_pins = "/soc/gpio@7e200000/spi3_cs_pins";
		spi6_gpio18 = "/soc/gpio@7e200000/spi6-gpio18";
		spi3_pins = "/soc/gpio@7e200000/spi3_pins";
		spi5_cs_pins = "/soc/gpio@7e200000/spi5_cs_pins";
		spi5 = "/soc/spi@7e204a00";
		spi2_gpio40 = "/soc/gpio@7e200000/spi2-gpio40";
		spi = "/soc/spi@7e204000";
		spi3 = "/soc/spi@7e204600";
		spi0_cs_pins = "/soc/gpio@7e200000/spi0_cs_pins";
		spi5_gpio12 = "/soc/gpio@7e200000/spi5-gpio12";
		spi1 = "/soc/spi@7e215080";
		spi0_gpio35 = "/soc/gpio@7e200000/spi0-gpio35";
		spidev0 = "/soc/spi@7e204000/spidev@0";
		spi0_pins = "/soc/gpio@7e200000/spi0_pins";
		spi4_cs_pins = "/soc/gpio@7e200000/spi4_cs_pins";
		spi6 = "/soc/spi@7e204c00";
		spi6_pins = "/soc/gpio@7e200000/spi6_pins";
		spi3_gpio0 = "/soc/gpio@7e200000/spi3-gpio0";
		spi6_cs_pins = "/soc/gpio@7e200000/spi6_cs_pins";
		spi4 = "/soc/spi@7e204800";
		spi4_gpio4 = "/soc/gpio@7e200000/spi4-gpio4";
		spi_dma4 = <0x46 0x646d6173 0x3a303d00 0x2e 0x46 0x646d6173 0x3a383d00 0x2e>;
		spi = "\0\0\0Fstatus";

=== Specific Spidev References in Live Device Tree ===
				dc-gpios = <0x07 0x16 0x00>;
				reg = <0x01>;
				phandle = <0x100>;
			};

			spidev@2 {
				#address-cells = <0x01>;
				#size-cells = <0x00>;
				spi-max-frequency = <0x7735940>;
				compatible = "spidev";
				status = "disabled";
--
				dc-gpios = <0x07 0x0c 0x00>;
				reg = <0x02>;
				phandle = <0x101>;
			};

			spidev@0 {
				#address-cells = <0x01>;
				#size-cells = <0x00>;
				spi-max-frequency = <0x7735940>;
				compatible = "spidev";
				status = "disabled";
				reg = <0x00>;
				phandle = <0xf7>;
			};

			spidev@1 {
				#address-cells = <0x01>;
				#size-cells = <0x00>;
				spi-max-frequency = <0x7735940>;
				compatible = "spidev";
				status = "disabled";
--
			reg = <0x7e204000 0x200>;
			phandle = <0x46>;
			dmas = <0x0c 0x06 0x0c 0x07>;
			cs-gpios = <0x07 0x08 0x01 0x07 0x07 0x01>;

			spidev@0 {
				#address-cells = <0x01>;
				#size-cells = <0x00>;
				spi-max-frequency = <0x7735940>;
				compatible = "spidev";
				reg = <0x00>;
				phandle = <0xbe>;
			};

			spidev@1 {
				#address-cells = <0x01>;
				#size-cells = <0x00>;
				spi-max-frequency = <0x7735940>;
				compatible = "spidev";
				reg = <0x01>;
--
		vchiq = "/soc/mailbox@7e00b840";
		uart1_ctsrts_gpio16 = "/soc/gpio@7e200000/uart1-ctsrts-gpio16";
		i2c3_gpio4 = "/soc/gpio@7e200000/i2c3-gpio4";
		gpclk1_gpio44 = "/soc/gpio@7e200000/gpclk1-gpio44";
		smi = "/soc/smi@7e600000";
		spidev1 = "/soc/spi@7e204000/spidev@1";
		i2c4_pins = "/soc/gpio@7e200000/i2c4";
		clk_27MHz = "/clk-27M";
		uart5_gpio12 = "/soc/gpio@7e200000/uart5-gpio12";
		i2c6_gpio0 = "/soc/gpio@7e200000/i2c6-gpio0";
		sdhci = "/soc/mmc@7e300000";
--
		led_act = "/leds/led-act";
		emmc2bus = "/emmc2bus";
		gpclk2_gpio6 = "/soc/gpio@7e200000/gpclk2-gpio6";
		aliases = "/aliases";
		uart0_ctsrts_gpio16 = "/soc/gpio@7e200000/uart0-ctsrts-gpio16";
		spidev0 = "/soc/spi@7e204000/spidev@0";
		gicv2 = "/soc/interrupt-controller@40041000";
		sound = "/soc/sound";
		uart5 = "/soc/serial@7e201a00";
		firmware = "/soc/firmware";
		dpi_18bit_gpio0 = "/soc/gpio@7e200000/dpi_18bit_gpio0";

=== Symbolic Links for Spidev Nodes ===
				compatible = "spidev";
				compatible = "spidev";
				compatible = "spidev";
				compatible = "spidev";
				compatible = "spidev";
		spidev1 = "/soc/spi@7e204000/spidev@1";
		spidev0 = "/soc/spi@7e204000/spidev@0";

=== Verifying Boot-Time Overlays ===
spi1-3cs overlay is missing in the device tree.
nc4_ili9488 overlay is missing in the device tree.

=== GPIO States ===
BANK0 (GPIO 0 to 27):
GPIO 0: level=1 func=INPUT pull=UP
GPIO 1: level=1 func=INPUT pull=UP
GPIO 2: level=1 func=INPUT pull=UP
GPIO 3: level=1 func=INPUT pull=UP
GPIO 4: level=1 func=INPUT pull=UP
GPIO 5: level=1 func=INPUT pull=UP
GPIO 6: level=1 func=INPUT pull=UP
GPIO 7: level=1 func=INPUT pull=UP
GPIO 8: level=1 func=INPUT pull=UP
GPIO 9: level=0 func=INPUT pull=DOWN
GPIO 10: level=0 func=INPUT pull=DOWN
GPIO 11: level=0 func=INPUT pull=DOWN
GPIO 12: level=0 func=INPUT pull=DOWN
GPIO 13: level=1 func=INPUT pull=DOWN
GPIO 14: level=1 func=INPUT pull=NONE
GPIO 15: level=1 func=INPUT pull=UP
GPIO 16: level=1 func=OUTPUT pull=DOWN
GPIO 17: level=1 func=OUTPUT pull=DOWN
GPIO 18: level=1 func=OUTPUT pull=DOWN
GPIO 19: level=0 alt=4 func=SPI1_MISO pull=DOWN
GPIO 20: level=0 alt=4 func=SPI1_MOSI pull=DOWN
GPIO 21: level=0 alt=4 func=SPI1_SCLK pull=DOWN
GPIO 22: level=0 func=INPUT pull=DOWN
GPIO 23: level=1 func=INPUT pull=DOWN
GPIO 24: level=0 func=INPUT pull=DOWN
GPIO 25: level=1 func=INPUT pull=DOWN
GPIO 26: level=0 func=INPUT pull=DOWN
GPIO 27: level=0 func=OUTPUT pull=DOWN
BANK1 (GPIO 28 to 45):
GPIO 28: level=1 alt=5 func=RGMII_MDIO pull=UP
GPIO 29: level=0 alt=5 func=RGMII_MDC pull=DOWN
GPIO 30: level=0 alt=3 func=CTS0 pull=UP
GPIO 31: level=0 alt=3 func=RTS0 pull=NONE
GPIO 32: level=1 alt=3 func=TXD0 pull=NONE
GPIO 33: level=1 alt=3 func=RXD0 pull=UP
GPIO 34: level=0 alt=3 func=SD1_CLK pull=NONE
GPIO 35: level=1 alt=3 func=SD1_CMD pull=UP
GPIO 36: level=1 alt=3 func=SD1_DAT0 pull=UP
GPIO 37: level=1 alt=3 func=SD1_DAT1 pull=UP
GPIO 38: level=1 alt=3 func=SD1_DAT2 pull=UP
GPIO 39: level=1 alt=3 func=SD1_DAT3 pull=UP
GPIO 40: level=0 alt=0 func=PWM1_0 pull=NONE
GPIO 41: level=0 alt=0 func=PWM1_1 pull=NONE
GPIO 42: level=0 func=OUTPUT pull=UP
GPIO 43: level=1 func=INPUT pull=UP
GPIO 44: level=1 func=INPUT pull=UP
GPIO 45: level=1 func=INPUT pull=UP
BANK2 (GPIO 46 to 53):
GPIO 46: level=0 func=INPUT pull=UP
GPIO 47: level=0 func=INPUT pull=UP
GPIO 48: level=0 func=INPUT pull=DOWN
GPIO 49: level=0 func=INPUT pull=DOWN
GPIO 50: level=0 func=INPUT pull=DOWN
GPIO 51: level=0 func=INPUT pull=DOWN
GPIO 52: level=0 func=INPUT pull=DOWN
GPIO 53: level=0 func=INPUT pull=DOWN

=== vcdbg Logs for Overlays ===
vcdbg command not found. Skipping overlay verification with vcdbg.

=== Runtime Overlay Application Logs ===
Applying spi1-3cs overlay:
* Failed to apply overlay '1_spi1-3cs' (kernel)
Applying nc4_ili9488 overlay:
* Failed to apply overlay '1_nc4_ili9488' (kernel)

=== Available SPI Devices ===
ls: cannot access '/dev/spi*': No such file or directory

