=== SPI1 Debugging Logs ===
Timestamp: Fri  3 Jan 15:51:50 PST 2025

=== Active Commands in config.txt ===
dtparam=audio=on
camera_auto_detect=1
display_auto_detect=1
auto_initramfs=1
max_framebuffers=2
arm_64bit=1
disable_overscan=1
arm_boost=1
[cm4]
otg_mode=1
[cm5]
dtoverlay=dwc2,dr_mode=host
[all]
dtoverlay=spi1-3cs
dtdebug=on

=== Kernel Logs: Overlay Loading Errors ===
[   19.110586] OF: overlay: WARNING: memory leak will occur if overlay removed, property: /soc/spi@7e215080/status
[   19.110638] OF: overlay: WARNING: memory leak will occur if overlay removed, property: /soc/spi@7e215080/spidev@0/status
[   19.110647] OF: overlay: WARNING: memory leak will occur if overlay removed, property: /soc/spi@7e215080/spidev@1/status
[   19.110655] OF: overlay: WARNING: memory leak will occur if overlay removed, property: /soc/spi@7e215080/spidev@2/status
[   19.112607] spi-bcm2835aux fe215080.spi: chipselect 0 already in use
[   19.112618] spi_master spi1: spi_device register error /soc/spi@7e215080/pitft0@0
[   19.112635] of_spi_notify: failed to create for '/soc/spi@7e215080/pitft0@0'
[   19.112642] OF: changeset notifier error @/soc/spi@7e215080/pitft0@0
[   19.112662] spi-bcm2835aux fe215080.spi: chipselect 1 already in use
[   19.112666] spi_master spi1: spi_device register error /soc/spi@7e215080/pitft1@1
[   19.112674] of_spi_notify: failed to create for '/soc/spi@7e215080/pitft1@1'
[   19.112681] OF: changeset notifier error @/soc/spi@7e215080/pitft1@1
[   19.112699] spi-bcm2835aux fe215080.spi: chipselect 2 already in use
[   19.112702] spi_master spi1: spi_device register error /soc/spi@7e215080/pitft2@2
[   19.112710] of_spi_notify: failed to create for '/soc/spi@7e215080/pitft2@2'
[   19.112717] OF: changeset notifier error @/soc/spi@7e215080/pitft2@2
[   19.114397] OF: overlay: overlay apply changeset entry notify error -16

=== Full Kernel Logs ===
[    0.000000] Booting Linux on physical CPU 0x0000000000 [0x410fd083]
[    0.000000] Linux version 6.6.62+rpt-rpi-v8 (serge@raspberrypi.com) (gcc-12 (Debian 12.2.0-14) 12.2.0, GNU ld (GNU Binutils for Debian) 2.40) #1 SMP PREEMPT Debian 1:6.6.62-1+rpt1 (2024-11-25)
[    0.000000] KASLR enabled
[    0.000000] random: crng init done
[    0.000000] Machine model: Raspberry Pi 4 Model B Rev 1.5
[    0.000000] efi: UEFI not found.
[    0.000000] Reserved memory: created CMA memory pool at 0x000000002a000000, size 64 MiB
[    0.000000] OF: reserved mem: initialized node linux,cma, compatible id shared-dma-pool
[    0.000000] OF: reserved mem: 0x000000002a000000..0x000000002dffffff (65536 KiB) map reusable linux,cma
[    0.000000] OF: reserved mem: 0x000000003ef652a0..0x000000003ef6569f (1 KiB) nomap non-reusable nvram@1
[    0.000000] OF: reserved mem: 0x000000003ef656e0..0x000000003ef65715 (0 KiB) nomap non-reusable nvram@0
[    0.000000] NUMA: No NUMA configuration found
[    0.000000] NUMA: Faking a node at [mem 0x0000000000000000-0x00000001ffffffff]
[    0.000000] NUMA: NODE_DATA [mem 0x1fefee3c0-0x1feff0fff]
[    0.000000] Zone ranges:
[    0.000000]   DMA      [mem 0x0000000000000000-0x000000003fffffff]
[    0.000000]   DMA32    [mem 0x0000000040000000-0x00000000ffffffff]
[    0.000000]   Normal   [mem 0x0000000100000000-0x00000001ffffffff]
[    0.000000] Movable zone start for each node
[    0.000000] Early memory node ranges
[    0.000000]   node   0: [mem 0x0000000000000000-0x000000003b3fffff]
[    0.000000]   node   0: [mem 0x0000000040000000-0x00000000fbffffff]
[    0.000000]   node   0: [mem 0x0000000100000000-0x00000001ffffffff]
[    0.000000] Initmem setup node 0 [mem 0x0000000000000000-0x00000001ffffffff]
[    0.000000] On node 0, zone DMA32: 19456 pages in unavailable ranges
[    0.000000] On node 0, zone Normal: 16384 pages in unavailable ranges
[    0.000000] percpu: Embedded 30 pages/cpu s85928 r8192 d28760 u122880
[    0.000000] pcpu-alloc: s85928 r8192 d28760 u122880 alloc=30*4096
[    0.000000] pcpu-alloc: [0] 0 [0] 1 [0] 2 [0] 3 
[    0.000000] Detected PIPT I-cache on CPU0
[    0.000000] CPU features: detected: Spectre-v2
[    0.000000] CPU features: detected: Spectre-v3a
[    0.000000] CPU features: detected: Spectre-v4
[    0.000000] CPU features: detected: Spectre-BHB
[    0.000000] CPU features: kernel page table isolation forced ON by KASLR
[    0.000000] CPU features: detected: Kernel page table isolation (KPTI)
[    0.000000] CPU features: detected: ARM erratum 1742098
[    0.000000] CPU features: detected: ARM errata 1165522, 1319367, or 1530923
[    0.000000] alternatives: applying boot alternatives
[    0.000000] Kernel command line: coherent_pool=1M 8250.nr_uarts=0 snd_bcm2835.enable_headphones=0 cgroup_disable=memory numa_policy=interleave snd_bcm2835.enable_headphones=1 snd_bcm2835.enable_hdmi=1 bcm2708_fb.fbwidth=0 bcm2708_fb.fbheight=0 bcm2708_fb.fbswap=1 smsc95xx.macaddr=D8:3A:DD:6F:A3:94 vc_mem.mem_base=0x3ec00000 vc_mem.mem_size=0x40000000  console=ttyS0,115200 console=tty1 root=PARTUUID=60ff2e57-02 rootfstype=ext4 fsck.repair=yes rootwait cfg80211.ieee80211_regdom=CA ip=169.254.55.240::0.0.0.0:255.255.0.0::eth0:off systemd.unit=multi-user.target autologin-user=nc4 nosplash logo.nologo vt.global_cursor_default=0 drm.debug=0x1f log_buf_len=16M
[    0.000000] cgroup: Disabling memory control group subsystem
[    0.000000] mempolicy: NUMA default policy overridden to 'interleave:0'
[    0.000000] Unknown kernel command line parameters "nosplash autologin-user=nc4", will be passed to user space.
[    0.000000] printk: log_buf_len: 16777216 bytes
[    0.000000] printk: early log buf free: 127672(97%)
[    0.000000] Dentry cache hash table entries: 1048576 (order: 11, 8388608 bytes, linear)
[    0.000000] Inode-cache hash table entries: 524288 (order: 10, 4194304 bytes, linear)
[    0.000000] Fallback order for Node 0: 0 
[    0.000000] Built 1 zonelists, mobility grouping on.  Total pages: 2028848
[    0.000000] Policy zone: Normal
[    0.000000] mem auto-init: stack:all(zero), heap alloc:off, heap free:off
[    0.000000] software IO TLB: area num 4.
[    0.000000] software IO TLB: mapped [mem 0x0000000037400000-0x000000003b400000] (64MB)
[    0.000000] Memory: 7840592K/8245248K available (13504K kernel code, 2206K rwdata, 4292K rodata, 4864K init, 1086K bss, 339120K reserved, 65536K cma-reserved)
[    0.000000] SLUB: HWalign=64, Order=0-3, MinObjects=0, CPUs=4, Nodes=1
[    0.000000] ftrace: allocating 43495 entries in 170 pages
[    0.000000] ftrace: allocated 170 pages with 4 groups
[    0.000000] trace event string verifier disabled
[    0.000000] rcu: Preemptible hierarchical RCU implementation.
[    0.000000] rcu: 	RCU event tracing is enabled.
[    0.000000] rcu: 	RCU restricting CPUs from NR_CPUS=256 to nr_cpu_ids=4.
[    0.000000] 	Trampoline variant of Tasks RCU enabled.
[    0.000000] 	Rude variant of Tasks RCU enabled.
[    0.000000] 	Tracing variant of Tasks RCU enabled.
[    0.000000] rcu: RCU calculated value of scheduler-enlistment delay is 25 jiffies.
[    0.000000] rcu: Adjusting geometry for rcu_fanout_leaf=16, nr_cpu_ids=4
[    0.000000] NR_IRQS: 64, nr_irqs: 64, preallocated irqs: 0
[    0.000000] Root IRQ handler: gic_handle_irq
[    0.000000] GIC: Using split EOI/Deactivate mode
[    0.000000] rcu: srcu_init: Setting srcu_struct sizes based on contention.
[    0.000000] arch_timer: cp15 timer(s) running at 54.00MHz (phys).
[    0.000000] clocksource: arch_sys_counter: mask: 0xffffffffffffff max_cycles: 0xc743ce346, max_idle_ns: 440795203123 ns
[    0.000000] sched_clock: 56 bits at 54MHz, resolution 18ns, wraps every 4398046511102ns
[    0.000333] Console: colour dummy device 80x25
[    0.000349] printk: console [tty1] enabled
[    0.001141] Calibrating delay loop (skipped), value calculated using timer frequency.. 108.00 BogoMIPS (lpj=216000)
[    0.001176] pid_max: default: 32768 minimum: 301
[    0.001263] LSM: initializing lsm=capability,integrity
[    0.001529] Mount-cache hash table entries: 16384 (order: 5, 131072 bytes, linear)
[    0.001652] Mountpoint-cache hash table entries: 16384 (order: 5, 131072 bytes, linear)
[    0.003816] RCU Tasks: Setting shift to 2 and lim to 1 rcu_task_cb_adjust=1 rcu_task_cpu_ids=4.
[    0.003998] RCU Tasks Rude: Setting shift to 2 and lim to 1 rcu_task_cb_adjust=1 rcu_task_cpu_ids=4.
[    0.004148] RCU Tasks Trace: Setting shift to 2 and lim to 1 rcu_task_cb_adjust=1 rcu_task_cpu_ids=4.
[    0.004422] rcu: Hierarchical SRCU implementation.
[    0.004441] rcu: 	Max phase no-delay instances is 1000.
[    0.006363] EFI services will not be available.
[    0.006689] smp: Bringing up secondary CPUs ...
[    0.007330] Detected PIPT I-cache on CPU1
[    0.007454] CPU1: Booted secondary processor 0x0000000001 [0x410fd083]
[    0.008203] Detected PIPT I-cache on CPU2
[    0.008294] CPU2: Booted secondary processor 0x0000000002 [0x410fd083]
[    0.008961] Detected PIPT I-cache on CPU3
[    0.009053] CPU3: Booted secondary processor 0x0000000003 [0x410fd083]
[    0.009154] smp: Brought up 1 node, 4 CPUs
[    0.009236] SMP: Total of 4 processors activated.
[    0.009253] CPU features: detected: 32-bit EL0 Support
[    0.009268] CPU features: detected: 32-bit EL1 Support
[    0.009285] CPU features: detected: CRC32 instructions
[    0.009405] CPU: All CPU(s) started at EL2
[    0.009429] alternatives: applying system-wide alternatives
[    0.012083] devtmpfs: initialized
[    0.022471] Enabled cp15_barrier support
[    0.022527] Enabled setend support
[    0.022697] clocksource: jiffies: mask: 0xffffffff max_cycles: 0xffffffff, max_idle_ns: 7645041785100000 ns
[    0.022738] futex hash table entries: 1024 (order: 4, 65536 bytes, linear)
[    0.024560] pinctrl core: initialized pinctrl subsystem
[    0.025133] DMI not present or invalid.
[    0.025651] NET: Registered PF_NETLINK/PF_ROUTE protocol family
[    0.027610] DMA: preallocated 1024 KiB GFP_KERNEL pool for atomic allocations
[    0.027898] DMA: preallocated 1024 KiB GFP_KERNEL|GFP_DMA pool for atomic allocations
[    0.028428] DMA: preallocated 1024 KiB GFP_KERNEL|GFP_DMA32 pool for atomic allocations
[    0.028516] audit: initializing netlink subsys (disabled)
[    0.028722] audit: type=2000 audit(0.028:1): state=initialized audit_enabled=0 res=1
[    0.029260] thermal_sys: Registered thermal governor 'step_wise'
[    0.029311] cpuidle: using governor menu
[    0.029617] hw-breakpoint: found 6 breakpoint and 4 watchpoint registers.
[    0.029751] ASID allocator initialised with 32768 entries
[    0.030724] Serial: AMBA PL011 UART driver
[    0.037062] bcm2835-mbox fe00b880.mailbox: mailbox enabled
[    0.048128] raspberrypi-firmware soc:firmware: Attached to firmware from 2024-11-26T12:52:28, variant start
[    0.052129] raspberrypi-firmware soc:firmware: Firmware hash is 2ae30f53898ae2f1ba77ff570a92991bedfb0398
[    0.062372] Modules: 2G module region forced by RANDOMIZE_MODULE_REGION_FULL
[    0.062406] Modules: 0 pages in range for non-PLT usage
[    0.062412] Modules: 517760 pages in range for PLT usage
[    0.065538] bcm2835-dma fe007000.dma-controller: DMA legacy API manager, dmachans=0x1
[    0.067272] iommu: Default domain type: Translated
[    0.067295] iommu: DMA domain TLB invalidation policy: strict mode
[    0.068950] SCSI subsystem initialized
[    0.069146] usbcore: registered new interface driver usbfs
[    0.069194] usbcore: registered new interface driver hub
[    0.069255] usbcore: registered new device driver usb
[    0.069628] pps_core: LinuxPPS API ver. 1 registered
[    0.069647] pps_core: Software ver. 5.3.6 - Copyright 2005-2007 Rodolfo Giometti <giometti@linux.it>
[    0.069679] PTP clock support registered
[    0.070733] vgaarb: loaded
[    0.071246] clocksource: Switched to clocksource arch_sys_counter
[    0.071712] VFS: Disk quotas dquot_6.6.0
[    0.071769] VFS: Dquot-cache hash table entries: 512 (order 0, 4096 bytes)
[    0.071892] FS-Cache: Loaded
[    0.073206] CacheFiles: Loaded
[    0.080983] NET: Registered PF_INET protocol family
[    0.081997] IP idents hash table entries: 131072 (order: 8, 1048576 bytes, linear)
[    0.090483] tcp_listen_portaddr_hash hash table entries: 4096 (order: 4, 65536 bytes, linear)
[    0.090606] Table-perturb hash table entries: 65536 (order: 6, 262144 bytes, linear)
[    0.090700] TCP established hash table entries: 65536 (order: 7, 524288 bytes, linear)
[    0.091188] TCP bind hash table entries: 65536 (order: 9, 2097152 bytes, linear)
[    0.093688] TCP: Hash tables configured (established 65536 bind 65536)
[    0.094285] MPTCP token hash table entries: 8192 (order: 5, 196608 bytes, linear)
[    0.094631] UDP hash table entries: 4096 (order: 5, 131072 bytes, linear)
[    0.094768] UDP-Lite hash table entries: 4096 (order: 5, 131072 bytes, linear)
[    0.095071] NET: Registered PF_UNIX/PF_LOCAL protocol family
[    0.095751] RPC: Registered named UNIX socket transport module.
[    0.095779] RPC: Registered udp transport module.
[    0.095794] RPC: Registered tcp transport module.
[    0.095808] RPC: Registered tcp-with-tls transport module.
[    0.095823] RPC: Registered tcp NFSv4.1 backchannel transport module.
[    0.095852] PCI: CLS 0 bytes, default 64
[    0.096314] Trying to unpack rootfs image as initramfs...
[    0.099571] kvm [1]: IPA Size Limit: 44 bits
[    0.100834] kvm [1]: vgic interrupt IRQ9
[    0.100897] kvm [1]: Hyp mode initialized successfully
[    0.634611] Freeing initrd memory: 12608K
[    1.123684] Initialise system trusted keyrings
[    1.124017] workingset: timestamp_bits=42 max_order=21 bucket_order=0
[    1.124101] zbud: loaded
[    1.124844] NFS: Registering the id_resolver key type
[    1.124878] Key type id_resolver registered
[    1.124894] Key type id_legacy registered
[    1.124924] nfs4filelayout_init: NFSv4 File Layout Driver Registering...
[    1.124944] nfs4flexfilelayout_init: NFSv4 Flexfile Layout Driver Registering...
[    1.125615] Key type asymmetric registered
[    1.125638] Asymmetric key parser 'x509' registered
[    1.125703] Block layer SCSI generic (bsg) driver version 0.4 loaded (major 247)
[    1.125882] io scheduler mq-deadline registered
[    1.125904] io scheduler kyber registered
[    1.125951] io scheduler bfq registered
[    1.129214] pinctrl-bcm2835 fe200000.gpio: GPIO_OUT persistence: yes
[    1.131370] brcm-pcie fd500000.pcie: host bridge /scb/pcie@7d500000 ranges:
[    1.131413] brcm-pcie fd500000.pcie:   No bus range found for /scb/pcie@7d500000, using [bus 00-ff]
[    1.131473] brcm-pcie fd500000.pcie:      MEM 0x0600000000..0x067fffffff -> 0x0080000000
[    1.131523] brcm-pcie fd500000.pcie:   IB MEM 0x0000000000..0x01ffffffff -> 0x0400000000
[    1.132577] brcm-pcie fd500000.pcie: PCI host bridge to bus 0000:00
[    1.132607] pci_bus 0000:00: root bus resource [bus 00-ff]
[    1.132631] pci_bus 0000:00: root bus resource [mem 0x600000000-0x67fffffff] (bus address [0x80000000-0xffffffff])
[    1.132692] pci 0000:00:00.0: [14e4:2711] type 01 class 0x060400
[    1.132791] pci 0000:00:00.0: PME# supported from D0 D3hot
[    1.136474] pci 0000:00:00.0: bridge configuration invalid ([bus 00-00]), reconfiguring
[    1.136634] pci_bus 0000:01: supply vpcie3v3 not found, using dummy regulator
[    1.136774] pci_bus 0000:01: supply vpcie3v3aux not found, using dummy regulator
[    1.136841] pci_bus 0000:01: supply vpcie12v not found, using dummy regulator
[    1.245326] brcm-pcie fd500000.pcie: link up, 5.0 GT/s PCIe x1 (SSC)
[    1.245476] pci 0000:01:00.0: [1106:3483] type 00 class 0x0c0330
[    1.245580] pci 0000:01:00.0: reg 0x10: [mem 0x00000000-0x00000fff 64bit]
[    1.245879] pci 0000:01:00.0: PME# supported from D0 D3hot
[    1.255326] pci_bus 0000:01: busn_res: [bus 01-ff] end is updated to 01
[    1.255374] pci 0000:00:00.0: BAR 8: assigned [mem 0x600000000-0x6000fffff]
[    1.255402] pci 0000:01:00.0: BAR 0: assigned [mem 0x600000000-0x600000fff 64bit]
[    1.255474] pci 0000:00:00.0: PCI bridge to [bus 01]
[    1.255495] pci 0000:00:00.0:   bridge window [mem 0x600000000-0x6000fffff]
[    1.255774] pcieport 0000:00:00.0: enabling device (0000 -> 0002)
[    1.255931] pcieport 0000:00:00.0: PME: Signaling with IRQ 26
[    1.256229] pcieport 0000:00:00.0: AER: enabled with IRQ 26
[    1.256625] brcm-pcie fd500000.pcie: clkreq control enabled
[    1.257103] bcm2708_fb soc:fb: Unable to determine number of FBs. Disabling driver.
[    1.257130] bcm2708_fb: probe of soc:fb failed with error -2
[    1.265656] iproc-rng200 fe104000.rng: hwrng registered
[    1.265889] vc-mem: phys_addr:0x00000000 mem_base=0x3ec00000 mem_size:0x40000000(1024 MiB)
[    1.277022] brd: module loaded
[    1.283564] loop: module loaded
[    1.284134] Loading iSCSI transport class v2.0-870.
[    1.288292] bcmgenet fd580000.ethernet: GENET 5.0 EPHY: 0x0000
[    1.495324] unimac-mdio unimac-mdio.-19: Broadcom UniMAC MDIO bus
[    1.496391] usbcore: registered new device driver r8152-cfgselector
[    1.496445] usbcore: registered new interface driver r8152
[    1.496499] usbcore: registered new interface driver lan78xx
[    1.496541] usbcore: registered new interface driver smsc95xx
[    1.543984] xhci_hcd 0000:01:00.0: xHCI Host Controller
[    1.544027] xhci_hcd 0000:01:00.0: new USB bus registered, assigned bus number 1
[    1.545789] xhci_hcd 0000:01:00.0: hcc params 0x002841eb hci version 0x100 quirks 0x0300240000000890
[    1.546594] xhci_hcd 0000:01:00.0: xHCI Host Controller
[    1.546625] xhci_hcd 0000:01:00.0: new USB bus registered, assigned bus number 2
[    1.546655] xhci_hcd 0000:01:00.0: Host supports USB 3.0 SuperSpeed
[    1.546901] usb usb1: New USB device found, idVendor=1d6b, idProduct=0002, bcdDevice= 6.06
[    1.546931] usb usb1: New USB device strings: Mfr=3, Product=2, SerialNumber=1
[    1.546953] usb usb1: Product: xHCI Host Controller
[    1.546970] usb usb1: Manufacturer: Linux 6.6.62+rpt-rpi-v8 xhci-hcd
[    1.546988] usb usb1: SerialNumber: 0000:01:00.0
[    1.547639] hub 1-0:1.0: USB hub found
[    1.547693] hub 1-0:1.0: 1 port detected
[    1.548241] usb usb2: New USB device found, idVendor=1d6b, idProduct=0003, bcdDevice= 6.06
[    1.548273] usb usb2: New USB device strings: Mfr=3, Product=2, SerialNumber=1
[    1.548296] usb usb2: Product: xHCI Host Controller
[    1.548315] usb usb2: Manufacturer: Linux 6.6.62+rpt-rpi-v8 xhci-hcd
[    1.548333] usb usb2: SerialNumber: 0000:01:00.0
[    1.548806] hub 2-0:1.0: USB hub found
[    1.548856] hub 2-0:1.0: 4 ports detected
[    1.549734] dwc_otg: version 3.00a 10-AUG-2012 (platform bus)
[    1.549843] dwc_otg: FIQ enabled
[    1.549850] dwc_otg: NAK holdoff enabled
[    1.549856] dwc_otg: FIQ split-transaction FSM enabled
[    1.549866] Module dwc_common_port init
[    1.550509] usbcore: registered new interface driver uas
[    1.550576] usbcore: registered new interface driver usb-storage
[    1.551007] mousedev: PS/2 mouse device common for all mice
[    1.554421] sdhci: Secure Digital Host Controller Interface driver
[    1.554453] sdhci: Copyright(c) Pierre Ossman
[    1.554659] sdhci-pltfm: SDHCI platform and OF driver helper
[    1.561873] ledtrig-cpu: registered to indicate activity on CPUs
[    1.562014] hid: raw HID events driver (C) Jiri Kosina
[    1.562065] usbcore: registered new interface driver usbhid
[    1.562071] usbhid: USB HID core driver
[    1.564576] hw perfevents: enabled with armv8_cortex_a72 PMU driver, 7 counters available
[    1.565136] NET: Registered PF_PACKET protocol family
[    1.565182] Key type dns_resolver registered
[    1.579668] registered taskstats version 1
[    1.579860] Loading compiled-in X.509 certificates
[    1.585427] Key type .fscrypt registered
[    1.585454] Key type fscrypt-provisioning registered
[    1.588460] uart-pl011 fe201000.serial: there is not valid maps for state default
[    1.588666] uart-pl011 fe201000.serial: cts_event_workaround enabled
[    1.588823] fe201000.serial: ttyAMA1 at MMIO 0xfe201000 (irq = 35, base_baud = 0) is a PL011 rev2
[    1.588927] serial serial0: tty port ttyAMA1 registered
[    1.589925] bcm2835-wdt bcm2835-wdt: Broadcom BCM2835 watchdog timer
[    1.590045] bcm2835-power bcm2835-power: Broadcom BCM2835 power domains driver
[    1.590387] mmc-bcm2835 fe300000.mmcnr: mmc_debug:0 mmc_debug2:0
[    1.590398] mmc-bcm2835 fe300000.mmcnr: DMA channel allocated
[    1.617462] of_cfs_init
[    1.617587] of_cfs_init: OK
[    1.655535] mmc0: SDHCI controller on fe340000.mmc [fe340000.mmc] using ADMA
[    1.658658] bcmgenet fd580000.ethernet: configuring instance for external RGMII (RX delay)
[    1.660127] bcmgenet fd580000.ethernet eth0: Link is Down
[    1.698868] mmc1: new high speed SDIO card at address 0001
[    1.751297] mmc0: new ultra high speed DDR50 SDXC card at address 5048
[    1.751724] mmcblk0: mmc0:5048 SD128 119 GiB
[    1.753586]  mmcblk0: p1 p2
[    1.753796] mmcblk0: mmc0:5048 SD128 119 GiB (quirks 0x00004000)
[    1.803275] usb 1-1: new high-speed USB device number 2 using xhci_hcd
[    1.953898] usb 1-1: New USB device found, idVendor=2109, idProduct=3431, bcdDevice= 4.21
[    1.953931] usb 1-1: New USB device strings: Mfr=0, Product=1, SerialNumber=0
[    1.953953] usb 1-1: Product: USB2.0 Hub
[    1.955656] hub 1-1:1.0: USB hub found
[    1.955925] hub 1-1:1.0: 4 ports detected
[    2.251264] usb 1-1.3: new low-speed USB device number 3 using xhci_hcd
[    2.359091] usb 1-1.3: New USB device found, idVendor=046d, idProduct=c077, bcdDevice=72.00
[    2.359123] usb 1-1.3: New USB device strings: Mfr=1, Product=2, SerialNumber=0
[    2.359145] usb 1-1.3: Product: USB Optical Mouse
[    2.359163] usb 1-1.3: Manufacturer: Logitech
[    2.367586] input: Logitech USB Optical Mouse as /devices/platform/scb/fd500000.pcie/pci0000:00/0000:00:00.0/0000:01:00.0/usb1/1-1/1-1.3/1-1.3:1.0/0003:046D:C077.0001/input/input0
[    2.368039] hid-generic 0003:046D:C077.0001: input,hidraw0: USB HID v1.11 Mouse [Logitech USB Optical Mouse] on usb-0000:01:00.0-1.3/input0
[    2.447264] usb 1-1.4: new low-speed USB device number 4 using xhci_hcd
[    2.555618] usb 1-1.4: New USB device found, idVendor=046d, idProduct=c31c, bcdDevice=64.00
[    2.555649] usb 1-1.4: New USB device strings: Mfr=1, Product=2, SerialNumber=0
[    2.555672] usb 1-1.4: Product: USB Keyboard
[    2.555689] usb 1-1.4: Manufacturer: Logitech
[    2.568216] input: Logitech USB Keyboard as /devices/platform/scb/fd500000.pcie/pci0000:00/0000:00:00.0/0000:01:00.0/usb1/1-1/1-1.4/1-1.4:1.0/0003:046D:C31C.0002/input/input1
[    2.628074] hid-generic 0003:046D:C31C.0002: input,hidraw1: USB HID v1.10 Keyboard [Logitech USB Keyboard] on usb-0000:01:00.0-1.4/input0
[    2.640996] input: Logitech USB Keyboard Consumer Control as /devices/platform/scb/fd500000.pcie/pci0000:00/0000:00:00.0/0000:01:00.0/usb1/1-1/1-1.4/1-1.4:1.1/0003:046D:C31C.0003/input/input2
[    2.699516] input: Logitech USB Keyboard System Control as /devices/platform/scb/fd500000.pcie/pci0000:00/0000:00:00.0/0000:01:00.0/usb1/1-1/1-1.4/1-1.4:1.1/0003:046D:C31C.0003/input/input3
[    2.699802] hid-generic 0003:046D:C31C.0003: input,hidraw2: USB HID v1.10 Device [Logitech USB Keyboard] on usb-0000:01:00.0-1.4/input1
[    5.759707] bcmgenet fd580000.ethernet eth0: Link is Up - 1Gbps/Full - flow control rx/tx
[    5.783269] IP-Config: Complete:
[    5.783291]      device=eth0, hwaddr=d8:3a:dd:6f:a3:94, ipaddr=169.254.55.240, mask=255.255.0.0, gw=255.255.255.255
[    5.783321]      host=169.254.55.240, domain=, nis-domain=(none)
[    5.783339]      bootserver=255.255.255.255, rootserver=255.255.255.255, rootpath=
[    5.783640] clk: Disabling unused clocks
[    5.792279] Freeing unused kernel memory: 4864K
[    5.792512] Run /init as init process
[    5.792528]   with arguments:
[    5.792533]     /init
[    5.792539]     nosplash
[    5.792545]   with environment:
[    5.792550]     HOME=/
[    5.792556]     TERM=linux
[    5.792561]     autologin-user=nc4
[    6.428546] EXT4-fs (mmcblk0p2): mounted filesystem a36be96c-66be-4487-a7a6-0481bca99d89 ro with ordered data mode. Quota mode: none.
[    6.905798] systemd[1]: System time before build time, advancing clock.
[    7.009950] NET: Registered PF_INET6 protocol family
[    7.010671] Segment Routing with IPv6
[    7.010694] In-situ OAM (IOAM) with IPv6
[    7.055323] systemd[1]: systemd 252.31-1~deb12u1 running in system mode (+PAM +AUDIT +SELINUX +APPARMOR +IMA +SMACK +SECCOMP +GCRYPT -GNUTLS +OPENSSL +ACL +BLKID +CURL +ELFUTILS +FIDO2 +IDN2 -IDN +IPTC +KMOD +LIBCRYPTSETUP +LIBFDISK +PCRE2 -PWQUALITY +P11KIT +QRENCODE +TPM2 +BZIP2 +LZ4 +XZ +ZLIB +ZSTD -BPF_FRAMEWORK -XKBCOMMON +UTMP +SYSVINIT default-hierarchy=unified)
[    7.055400] systemd[1]: Detected architecture arm64.
[    7.059913] systemd[1]: Hostname set to <raspberrypi>.
[    7.644236] systemd[1]: /lib/systemd/system/writeboost.service:28: Standard output type syslog+console is obsolete, automatically updating to journal+console. Please update your unit file, and consider removing the setting altogether.
[    7.651029] systemd[1]: Queued start job for default target multi-user.target.
[    7.673883] systemd[1]: Created slice system-getty.slice - Slice /system/getty.
[    7.675529] systemd[1]: Created slice system-kmsconvt.slice - Slice /system/kmsconvt.
[    7.676815] systemd[1]: Created slice system-modprobe.slice - Slice /system/modprobe.
[    7.678072] systemd[1]: Created slice system-systemd\x2dfsck.slice - Slice /system/systemd-fsck.
[    7.678894] systemd[1]: Created slice user.slice - User and Session Slice.
[    7.679782] systemd[1]: Started systemd-ask-password-wall.path - Forward Password Requests to Wall Directory Watch.
[    7.680747] systemd[1]: Set up automount proc-sys-fs-binfmt_misc.automount - Arbitrary Executable File Formats File System Automount Point.
[    7.681059] systemd[1]: Expecting device dev-disk-by\x2dpartuuid-60ff2e57\x2d01.device - /dev/disk/by-partuuid/60ff2e57-01...
[    7.681338] systemd[1]: Reached target integritysetup.target - Local Integrity Protected Volumes.
[    7.681758] systemd[1]: Reached target slices.target - Slice Units.
[    7.682040] systemd[1]: Reached target swap.target - Swaps.
[    7.682320] systemd[1]: Reached target veritysetup.target - Local Verity Protected Volumes.
[    7.683058] systemd[1]: Listening on systemd-fsckd.socket - fsck to fsckd communication Socket.
[    7.683387] systemd[1]: Listening on systemd-initctl.socket - initctl Compatibility Named Pipe.
[    7.684168] systemd[1]: Listening on systemd-journald-audit.socket - Journal Audit Socket.
[    7.684663] systemd[1]: Listening on systemd-journald-dev-log.socket - Journal Socket (/dev/log).
[    7.685140] systemd[1]: Listening on systemd-journald.socket - Journal Socket.
[    7.687404] systemd[1]: Listening on systemd-udevd-control.socket - udev Control Socket.
[    7.687913] systemd[1]: Listening on systemd-udevd-kernel.socket - udev Kernel Socket.
[    7.688426] systemd[1]: dev-hugepages.mount - Huge Pages File System was skipped because of an unmet condition check (ConditionPathExists=/sys/kernel/mm/hugepages).
[    7.711558] systemd[1]: Mounting dev-mqueue.mount - POSIX Message Queue File System...
[    7.715120] systemd[1]: Mounting sys-kernel-debug.mount - Kernel Debug File System...
[    7.720319] systemd[1]: Mounting sys-kernel-tracing.mount - Kernel Trace File System...
[    7.721312] systemd[1]: auth-rpcgss-module.service - Kernel Module supporting RPCSEC_GSS was skipped because of an unmet condition check (ConditionPathExists=/etc/krb5.keytab).
[    7.727125] systemd[1]: Starting fake-hwclock.service - Restore / save the current clock...
[    7.729693] systemd[1]: Starting keyboard-setup.service - Set the console keyboard layout...
[    7.732507] systemd[1]: Starting kmod-static-nodes.service - Create List of Static Device Nodes...
[    7.735905] systemd[1]: Starting modprobe@configfs.service - Load Kernel Module configfs...
[    7.740280] systemd[1]: Starting modprobe@dm_mod.service - Load Kernel Module dm_mod...
[    7.745109] systemd[1]: Starting modprobe@drm.service - Load Kernel Module drm...
[    7.748659] systemd[1]: Starting modprobe@efi_pstore.service - Load Kernel Module efi_pstore...
[    7.752429] systemd[1]: Starting modprobe@fuse.service - Load Kernel Module fuse...
[    7.756562] systemd[1]: Starting modprobe@loop.service - Load Kernel Module loop...
[    7.757080] systemd[1]: systemd-fsck-root.service - File System Check on Root Device was skipped because of an unmet condition check (ConditionPathExists=!/run/initramfs/fsck-root).
[    7.761429] systemd[1]: Starting systemd-journald.service - Journal Service...
[    7.778078] systemd[1]: Starting systemd-modules-load.service - Load Kernel Modules...
[    7.781130] systemd[1]: Starting systemd-remount-fs.service - Remount Root and Kernel File Systems...
[    7.784849] systemd[1]: Starting systemd-udev-trigger.service - Coldplug All udev Devices...
[    7.786088] device-mapper: ioctl: 4.48.0-ioctl (2023-03-01) initialised: dm-devel@redhat.com
[    7.788484] systemd[1]: Starting writeboost.service - (dm-)writeboost mapper...
[    7.793716] systemd[1]: Mounted dev-mqueue.mount - POSIX Message Queue File System.
[    7.794549] systemd[1]: Mounted sys-kernel-debug.mount - Kernel Debug File System.
[    7.794950] systemd[1]: Mounted sys-kernel-tracing.mount - Kernel Trace File System.
[    7.795617] systemd[1]: Finished kmod-static-nodes.service - Create List of Static Device Nodes.
[    7.796807] systemd[1]: modprobe@configfs.service: Deactivated successfully.
[    7.797197] systemd[1]: Finished modprobe@configfs.service - Load Kernel Module configfs.
[    7.798072] systemd[1]: modprobe@dm_mod.service: Deactivated successfully.
[    7.798412] systemd[1]: Finished modprobe@dm_mod.service - Load Kernel Module dm_mod.
[    7.799811] systemd[1]: modprobe@efi_pstore.service: Deactivated successfully.
[    7.800244] systemd[1]: Finished modprobe@efi_pstore.service - Load Kernel Module efi_pstore.
[    7.801181] systemd[1]: modprobe@loop.service: Deactivated successfully.
[    7.801893] systemd[1]: Finished modprobe@loop.service - Load Kernel Module loop.
[    7.807407] systemd[1]: Mounting sys-kernel-config.mount - Kernel Configuration File System...
[    7.815368] fuse: init (API version 7.39)
[    7.815973] systemd[1]: systemd-repart.service - Repartition Root Disk was skipped because no trigger condition checks were met.
[    7.817181] systemd[1]: modprobe@fuse.service: Deactivated successfully.
[    7.818598] systemd[1]: Finished modprobe@fuse.service - Load Kernel Module fuse.
[    7.822493] systemd[1]: Finished fake-hwclock.service - Restore / save the current clock.
[    7.828152] systemd[1]: Finished writeboost.service - (dm-)writeboost mapper.
[    7.831958] systemd[1]: Mounted sys-kernel-config.mount - Kernel Configuration File System.
[    7.835617] systemd[1]: Mounting sys-fs-fuse-connections.mount - FUSE Control File System...
[    7.841699] systemd[1]: Mounted sys-fs-fuse-connections.mount - FUSE Control File System.
[    7.842149] i2c_dev: i2c /dev entries driver
[    7.850312] systemd[1]: Finished systemd-modules-load.service - Load Kernel Modules.
[    7.853875] [drm:drm_core_init [drm]] Initialized
[    7.854062] systemd[1]: Starting systemd-sysctl.service - Apply Kernel Variables...
[    7.856029] systemd[1]: modprobe@drm.service: Deactivated successfully.
[    7.857451] systemd[1]: Finished modprobe@drm.service - Load Kernel Module drm.
[    7.858289] EXT4-fs (mmcblk0p2): re-mounted a36be96c-66be-4487-a7a6-0481bca99d89 r/w. Quota mode: none.
[    7.861874] systemd[1]: Finished systemd-remount-fs.service - Remount Root and Kernel File Systems.
[    7.863691] systemd[1]: systemd-firstboot.service - First Boot Wizard was skipped because of an unmet condition check (ConditionFirstBoot=yes).
[    7.863816] systemd[1]: systemd-pstore.service - Platform Persistent Storage Archival was skipped because of an unmet condition check (ConditionDirectoryNotEmpty=/sys/fs/pstore).
[    7.865859] systemd[1]: Starting systemd-random-seed.service - Load/Save Random Seed...
[    7.869674] systemd[1]: Starting systemd-sysusers.service - Create System Users...
[    7.904098] systemd[1]: Finished systemd-sysctl.service - Apply Kernel Variables.
[    7.906349] systemd[1]: Started systemd-journald.service - Journal Service.
[    7.936850] systemd-journald[247]: Received client request to flush runtime journal.
[    7.944661] systemd-journald[247]: File /var/log/journal/e43f570a37704852b11cff2997cd5dc4/system.journal corrupted or uncleanly shut down, renaming and replacing.
[    8.685700] vc_sm_cma: module is from the staging directory, the quality is unknown, you have been warned.
[    8.692949] bcm2835_vc_sm_cma_probe: Videocore shared memory driver
[    8.692967] [vc_sm_connected_init]: start
[    8.694239] [vc_sm_connected_init]: installed successfully
[    8.700005] rpi-gpiomem fe200000.gpiomem: window base 0xfe200000 size 0x00001000
[    8.700207] rpi-gpiomem fe200000.gpiomem: initialised 1 regions as /dev/gpiomem
[    8.702029] mc: Linux media interface: v0.10
[    8.813516] snd_bcm2835: module is from the staging directory, the quality is unknown, you have been warned.
[    8.852771] videodev: Linux video capture interface: v2.00
[    8.889123] bcm2835_mmal_vchiq: module is from the staging directory, the quality is unknown, you have been warned.
[    8.890373] bcm2835_audio bcm2835_audio: card created with 8 channels
[    8.971965] bcm2835_isp: module is from the staging directory, the quality is unknown, you have been warned.
[    8.972728] rpivid_hevc: module is from the staging directory, the quality is unknown, you have been warned.
[    8.999226] bcm2835_codec: module is from the staging directory, the quality is unknown, you have been warned.
[    9.015313] bcm2835-isp bcm2835-isp: Device node output[0] registered as /dev/video13
[    9.020698] cfg80211: Loading compiled-in X.509 certificates for regulatory database
[    9.022937] bcm2835_v4l2: module is from the staging directory, the quality is unknown, you have been warned.
[    9.041192] Loaded X.509 cert 'benh@debian.org: 577e021cb980e0e820821ba7b54b4961b8b4fadf'
[    9.041613] Loaded X.509 cert 'romain.perier@gmail.com: 3abbc6ec146e09d1b6016ab9d6cf71dd233f0328'
[    9.041959] Loaded X.509 cert 'sforshee: 00b28ddf47aef9cea7'
[    9.042289] Loaded X.509 cert 'wens: 61c038651aabdcf94bd0ac7ff06c7248db18c600'
[    9.048686] Bluetooth: Core ver 2.22
[    9.053663] NET: Registered PF_BLUETOOTH protocol family
[    9.053676] Bluetooth: HCI device and connection manager initialized
[    9.053688] Bluetooth: HCI socket layer initialized
[    9.053694] Bluetooth: L2CAP socket layer initialized
[    9.053713] Bluetooth: SCO socket layer initialized
[    9.069783] bcm2835-codec bcm2835-codec: Device registered as /dev/video10
[    9.069822] bcm2835-codec bcm2835-codec: Loaded V4L2 decode
[    9.091623] rpivid feb10000.codec: Device registered as /dev/video19
[    9.092497] bcm2835-isp bcm2835-isp: Device node capture[0] registered as /dev/video14
[    9.093032] bcm2835-codec bcm2835-codec: Device registered as /dev/video11
[    9.093089] bcm2835-codec bcm2835-codec: Loaded V4L2 encode
[    9.094137] bcm2835-isp bcm2835-isp: Device node capture[1] registered as /dev/video15
[    9.094327] bcm2835-isp bcm2835-isp: Device node stats[2] registered as /dev/video16
[    9.094342] bcm2835-isp bcm2835-isp: Register output node 0 with media controller
[    9.094348] bcm2835-isp bcm2835-isp: Register capture node 1 with media controller
[    9.094352] bcm2835-isp bcm2835-isp: Register capture node 2 with media controller
[    9.094356] bcm2835-isp bcm2835-isp: Register capture node 3 with media controller
[    9.103332] bcm2835-isp bcm2835-isp: Device node output[0] registered as /dev/video20
[    9.120074] Bluetooth: HCI UART driver ver 2.3
[    9.120091] Bluetooth: HCI UART protocol H4 registered
[    9.128391] bcm2835-codec bcm2835-codec: Device registered as /dev/video12
[    9.128422] bcm2835-codec bcm2835-codec: Loaded V4L2 isp
[    9.129046] bcm2835-isp bcm2835-isp: Device node capture[0] registered as /dev/video21
[    9.131850] bcm2835-isp bcm2835-isp: Device node capture[1] registered as /dev/video22
[    9.133251] bcm2835-isp bcm2835-isp: Device node stats[2] registered as /dev/video23
[    9.133274] bcm2835-isp bcm2835-isp: Register output node 0 with media controller
[    9.133284] bcm2835-isp bcm2835-isp: Register capture node 1 with media controller
[    9.133289] bcm2835-isp bcm2835-isp: Register capture node 2 with media controller
[    9.133293] bcm2835-isp bcm2835-isp: Register capture node 3 with media controller
[    9.133438] bcm2835-isp bcm2835-isp: Loaded V4L2 bcm2835-isp
[    9.134118] bcm2835-codec bcm2835-codec: Device registered as /dev/video18
[    9.134154] bcm2835-codec bcm2835-codec: Loaded V4L2 image_fx
[    9.139730] Bluetooth: HCI UART protocol Three-wire (H5) registered
[    9.143609] hci_uart_bcm serial0-0: supply vbat not found, using dummy regulator
[    9.145071] bcm2835-codec bcm2835-codec: Device registered as /dev/video31
[    9.145100] bcm2835-codec bcm2835-codec: Loaded V4L2 encode_image
[    9.158481] Bluetooth: HCI UART protocol Broadcom registered
[    9.165225] hci_uart_bcm serial0-0: supply vddio not found, using dummy regulator
[    9.199539] brcmfmac: F1 signature read @0x18000000=0x15264345
[    9.203363] brcmfmac: brcmf_fw_alloc_request: using brcm/brcmfmac43455-sdio for chip BCM4345/6
[    9.203748] usbcore: registered new interface driver brcmfmac
[    9.283437] uart-pl011 fe201000.serial: no DMA platform data
[    9.482690] brcmfmac: brcmf_c_process_txcap_blob: no txcap_blob available (err=-2)
[    9.483195] brcmfmac: brcmf_c_preinit_dcmds: Firmware: BCM4345/6 wl0: Aug 29 2023 01:47:08 version 7.45.265 (28bca26 CY) FWID 01-b677b91b
[    9.520502] Bluetooth: hci0: BCM: chip id 107
[    9.520745] Bluetooth: hci0: BCM: features 0x2f
[    9.521804] Bluetooth: hci0: BCM4345C0
[    9.521814] Bluetooth: hci0: BCM4345C0 (003.001.025) build 0000
[    9.527157] Bluetooth: hci0: BCM4345C0 'brcm/BCM4345C0.raspberrypi,4-model-b.hcd' Patch
[    9.557045] alsactl[428]: memfd_create() called without MFD_EXEC or MFD_NOEXEC_SEAL set
[    9.660053] spl: loading out-of-tree module taints kernel.
[    9.856558] zfs: module license 'CDDL' taints kernel.
[    9.856573] Disabling lock debugging due to kernel taint
[    9.856631] zfs: module license taints kernel.
[   10.223939] Bluetooth: hci0: BCM: features 0x2f
[   10.225237] Bluetooth: hci0: BCM43455 37.4MHz Raspberry Pi 3+-0190
[   10.225243] Bluetooth: hci0: BCM4345C0 (003.001.025) build 0382
[   10.979344] ZFS: Loaded module v2.2.3-1~bpo12+1~rpt1, ZFS pool version 5000, ZFS filesystem version 5
[   11.599213] Adding 524284k swap on /var/swap.  Priority:-2 extents:5 across:2211836k SS
[   11.754837] Bluetooth: BNEP (Ethernet Emulation) ver 1.3
[   11.754867] Bluetooth: BNEP filters: protocol multicast
[   11.754887] Bluetooth: BNEP socket layer initialized
[   11.761990] Bluetooth: MGMT ver 1.22
[   11.778370] NET: Registered PF_ALG protocol family
[   12.697218] brcmfmac: brcmf_cfg80211_set_power_mgmt: power save enabled
[   19.110586] OF: overlay: WARNING: memory leak will occur if overlay removed, property: /soc/spi@7e215080/status
[   19.110638] OF: overlay: WARNING: memory leak will occur if overlay removed, property: /soc/spi@7e215080/spidev@0/status
[   19.110647] OF: overlay: WARNING: memory leak will occur if overlay removed, property: /soc/spi@7e215080/spidev@1/status
[   19.110655] OF: overlay: WARNING: memory leak will occur if overlay removed, property: /soc/spi@7e215080/spidev@2/status
[   19.112607] spi-bcm2835aux fe215080.spi: chipselect 0 already in use
[   19.112618] spi_master spi1: spi_device register error /soc/spi@7e215080/pitft0@0
[   19.112635] of_spi_notify: failed to create for '/soc/spi@7e215080/pitft0@0'
[   19.112642] OF: changeset notifier error @/soc/spi@7e215080/pitft0@0
[   19.112662] spi-bcm2835aux fe215080.spi: chipselect 1 already in use
[   19.112666] spi_master spi1: spi_device register error /soc/spi@7e215080/pitft1@1
[   19.112674] of_spi_notify: failed to create for '/soc/spi@7e215080/pitft1@1'
[   19.112681] OF: changeset notifier error @/soc/spi@7e215080/pitft1@1
[   19.112699] spi-bcm2835aux fe215080.spi: chipselect 2 already in use
[   19.112702] spi_master spi1: spi_device register error /soc/spi@7e215080/pitft2@2
[   19.112710] of_spi_notify: failed to create for '/soc/spi@7e215080/pitft2@2'
[   19.112717] OF: changeset notifier error @/soc/spi@7e215080/pitft2@2
[   19.114397] OF: overlay: overlay apply changeset entry notify error -16
[   75.165293] Bluetooth: RFCOMM TTY layer initialized
[   75.165324] Bluetooth: RFCOMM socket layer initialized
[   75.165345] Bluetooth: RFCOMM ver 1.11

=== Decompiled Device Tree ===
Decompiled device tree saved to: /home/nc4/TouchscreenApparatus/src/drivers/debug/SPI1_debug/live_device_tree_nospi0_kms_hack.dts

=== SPI Nodes in Live Device Tree ===
		spi@7e204600 {
			compatible = "brcm,bcm2835-spi";
			spi5_pins {
			spi1_cs_pins {
			spi3-gpio0 {
				pins-spi {
			spi4_pins {
			spi3_cs_pins {
			spi4-gpio4 {
				pins-spi {
			spi0-gpio46 {
				pins-spi {
			spi3_pins {
			spi5_cs_pins {
			spi2-gpio46 {
				pins-spi {
			spi1-gpio16 {
			spi0-gpio7 {
			spi0_cs_pins {
			spi6-gpio18 {
				pins-spi {
			spi1_pins {
			spi2-gpio40 {
			spi0_pins {
			spi4_cs_pins {
			spi5-gpio12 {
				pins-spi {
			spi6_pins {
			spi0-gpio35 {
			spi6_cs_pins {
		spi@7e204a00 {
			compatible = "brcm,bcm2835-spi";
		spi@7e204800 {
			compatible = "brcm,bcm2835-spi";
		spi@7e215080 {
			compatible = "brcm,bcm2835-aux-spi";
				spi-max-frequency = <0x1312d00>;
				spi-max-frequency = <0x1312d00>;
			spidev@2 {
				spi-max-frequency = <0x7735940>;
				compatible = "spidev";
				spi-max-frequency = <0x1312d00>;
			spidev@0 {
				spi-max-frequency = <0x7735940>;
				compatible = "spidev";
			spidev@1 {
				spi-max-frequency = <0x7735940>;
				compatible = "spidev";
		spi@7e2150c0 {
			compatible = "brcm,bcm2835-aux-spi";
		spi@7e204c00 {
			compatible = "brcm,bcm2835-spi";
		spi@7e204000 {
			compatible = "brcm,bcm2835-spi";
			spidev@0 {
				spi-max-frequency = <0x7735940>;
				compatible = "spidev";
			spidev@1 {
				spi-max-frequency = <0x7735940>;
				compatible = "spidev";
		spi2 = "/soc/spi@7e2150c0";
		spi0 = "/soc/spi@7e204000";
		spi5 = "/soc/spi@7e204a00";
		spi3 = "/soc/spi@7e204600";
		spi1 = "/soc/spi@7e215080";
		spi6 = "/soc/spi@7e204c00";
		spi4 = "/soc/spi@7e204800";
			enable-method = "spin-table";
			enable-method = "spin-table";
			enable-method = "spin-table";
			enable-method = "spin-table";
		spi5_pins = "/soc/gpio@7e200000/spi5_pins";
		spi0_gpio46 = "/soc/gpio@7e200000/spi0-gpio46";
		spi2 = "/soc/spi@7e2150c0";
		spidev1 = "/soc/spi@7e204000/spidev@1";
		spi2_gpio46 = "/soc/gpio@7e200000/spi2-gpio46";
		spi0 = "/soc/spi@7e204000";
		spi1_gpio16 = "/soc/gpio@7e200000/spi1-gpio16";
		spi4_pins = "/soc/gpio@7e200000/spi4_pins";
		spi0_gpio7 = "/soc/gpio@7e200000/spi0-gpio7";
		spi3_cs_pins = "/soc/gpio@7e200000/spi3_cs_pins";
		spi6_gpio18 = "/soc/gpio@7e200000/spi6-gpio18";
		spi3_pins = "/soc/gpio@7e200000/spi3_pins";
		spi5_cs_pins = "/soc/gpio@7e200000/spi5_cs_pins";
		spi5 = "/soc/spi@7e204a00";
		spi2_gpio40 = "/soc/gpio@7e200000/spi2-gpio40";
		spi = "/soc/spi@7e204000";
		spi3 = "/soc/spi@7e204600";
		spi0_cs_pins = "/soc/gpio@7e200000/spi0_cs_pins";
		spi5_gpio12 = "/soc/gpio@7e200000/spi5-gpio12";
		spi1 = "/soc/spi@7e215080";
		spi0_gpio35 = "/soc/gpio@7e200000/spi0-gpio35";
		spidev0 = "/soc/spi@7e204000/spidev@0";
		spi0_pins = "/soc/gpio@7e200000/spi0_pins";
		spi4_cs_pins = "/soc/gpio@7e200000/spi4_cs_pins";
		spi6 = "/soc/spi@7e204c00";
		spi6_pins = "/soc/gpio@7e200000/spi6_pins";
		spi3_gpio0 = "/soc/gpio@7e200000/spi3-gpio0";
		spi6_cs_pins = "/soc/gpio@7e200000/spi6_cs_pins";
		spi4 = "/soc/spi@7e204800";
		spi4_gpio4 = "/soc/gpio@7e200000/spi4-gpio4";
		spi_dma4 = <0x46 0x646d6173 0x3a303d00 0x2e 0x46 0x646d6173 0x3a383d00 0x2e>;
		spi = "\0\0\0Fstatus";

=== Specific Spidev References in Live Device Tree ===
				dc-gpios = <0x07 0x16 0x00>;
				reg = <0x01>;
				phandle = <0xff>;
			};

			spidev@2 {
				#address-cells = <0x01>;
				#size-cells = <0x00>;
				spi-max-frequency = <0x7735940>;
				compatible = "spidev";
				status = "disabled";
--
				dc-gpios = <0x07 0x0c 0x00>;
				reg = <0x02>;
				phandle = <0x100>;
			};

			spidev@0 {
				#address-cells = <0x01>;
				#size-cells = <0x00>;
				spi-max-frequency = <0x7735940>;
				compatible = "spidev";
				status = "disabled";
				reg = <0x00>;
				phandle = <0xf6>;
			};

			spidev@1 {
				#address-cells = <0x01>;
				#size-cells = <0x00>;
				spi-max-frequency = <0x7735940>;
				compatible = "spidev";
				status = "disabled";
--
			reg = <0x7e204000 0x200>;
			phandle = <0x46>;
			dmas = <0x0c 0x06 0x0c 0x07>;
			cs-gpios = <0x07 0x08 0x01 0x07 0x07 0x01>;

			spidev@0 {
				#address-cells = <0x01>;
				#size-cells = <0x00>;
				spi-max-frequency = <0x7735940>;
				compatible = "spidev";
				reg = <0x00>;
				phandle = <0xbe>;
			};

			spidev@1 {
				#address-cells = <0x01>;
				#size-cells = <0x00>;
				spi-max-frequency = <0x7735940>;
				compatible = "spidev";
				reg = <0x01>;
--
		vchiq = "/soc/mailbox@7e00b840";
		uart1_ctsrts_gpio16 = "/soc/gpio@7e200000/uart1-ctsrts-gpio16";
		i2c3_gpio4 = "/soc/gpio@7e200000/i2c3-gpio4";
		gpclk1_gpio44 = "/soc/gpio@7e200000/gpclk1-gpio44";
		smi = "/soc/smi@7e600000";
		spidev1 = "/soc/spi@7e204000/spidev@1";
		i2c4_pins = "/soc/gpio@7e200000/i2c4";
		clk_27MHz = "/clk-27M";
		uart5_gpio12 = "/soc/gpio@7e200000/uart5-gpio12";
		i2c6_gpio0 = "/soc/gpio@7e200000/i2c6-gpio0";
		sdhci = "/soc/mmc@7e300000";
--
		led_act = "/leds/led-act";
		emmc2bus = "/emmc2bus";
		gpclk2_gpio6 = "/soc/gpio@7e200000/gpclk2-gpio6";
		aliases = "/aliases";
		uart0_ctsrts_gpio16 = "/soc/gpio@7e200000/uart0-ctsrts-gpio16";
		spidev0 = "/soc/spi@7e204000/spidev@0";
		gicv2 = "/soc/interrupt-controller@40041000";
		sound = "/soc/sound";
		uart5 = "/soc/serial@7e201a00";
		firmware = "/soc/firmware";
		dpi_18bit_gpio0 = "/soc/gpio@7e200000/dpi_18bit_gpio0";

=== Symbolic Links for Spidev Nodes ===
				compatible = "spidev";
				compatible = "spidev";
				compatible = "spidev";
				compatible = "spidev";
				compatible = "spidev";
		spidev1 = "/soc/spi@7e204000/spidev@1";
		spidev0 = "/soc/spi@7e204000/spidev@0";

=== Verifying Boot-Time Overlays ===
spi1-3cs overlay is missing in the device tree.
nc4_ili9488 overlay is missing in the device tree.

=== GPIO States ===
BANK0 (GPIO 0 to 27):
GPIO 0: level=1 func=INPUT pull=UP
GPIO 1: level=1 func=INPUT pull=UP
GPIO 2: level=1 func=INPUT pull=UP
GPIO 3: level=1 func=INPUT pull=UP
GPIO 4: level=1 func=INPUT pull=UP
GPIO 5: level=1 func=INPUT pull=UP
GPIO 6: level=1 func=INPUT pull=UP
GPIO 7: level=1 func=INPUT pull=UP
GPIO 8: level=1 func=INPUT pull=UP
GPIO 9: level=0 func=INPUT pull=DOWN
GPIO 10: level=0 func=INPUT pull=DOWN
GPIO 11: level=0 func=INPUT pull=DOWN
GPIO 12: level=0 func=INPUT pull=DOWN
GPIO 13: level=1 func=INPUT pull=DOWN
GPIO 14: level=1 func=INPUT pull=NONE
GPIO 15: level=1 func=INPUT pull=UP
GPIO 16: level=1 func=OUTPUT pull=DOWN
GPIO 17: level=1 func=OUTPUT pull=DOWN
GPIO 18: level=1 func=OUTPUT pull=DOWN
GPIO 19: level=0 alt=4 func=SPI1_MISO pull=DOWN
GPIO 20: level=0 alt=4 func=SPI1_MOSI pull=DOWN
GPIO 21: level=0 alt=4 func=SPI1_SCLK pull=DOWN
GPIO 22: level=0 func=INPUT pull=DOWN
GPIO 23: level=1 func=INPUT pull=DOWN
GPIO 24: level=0 func=INPUT pull=DOWN
GPIO 25: level=1 func=INPUT pull=DOWN
GPIO 26: level=0 func=INPUT pull=DOWN
GPIO 27: level=0 func=OUTPUT pull=DOWN
BANK1 (GPIO 28 to 45):
GPIO 28: level=1 alt=5 func=RGMII_MDIO pull=UP
GPIO 29: level=0 alt=5 func=RGMII_MDC pull=DOWN
GPIO 30: level=0 alt=3 func=CTS0 pull=UP
GPIO 31: level=0 alt=3 func=RTS0 pull=NONE
GPIO 32: level=1 alt=3 func=TXD0 pull=NONE
GPIO 33: level=1 alt=3 func=RXD0 pull=UP
GPIO 34: level=1 alt=3 func=SD1_CLK pull=NONE
GPIO 35: level=1 alt=3 func=SD1_CMD pull=UP
GPIO 36: level=1 alt=3 func=SD1_DAT0 pull=UP
GPIO 37: level=1 alt=3 func=SD1_DAT1 pull=UP
GPIO 38: level=1 alt=3 func=SD1_DAT2 pull=UP
GPIO 39: level=1 alt=3 func=SD1_DAT3 pull=UP
GPIO 40: level=0 alt=0 func=PWM1_0 pull=NONE
GPIO 41: level=0 alt=0 func=PWM1_1 pull=NONE
GPIO 42: level=0 func=OUTPUT pull=UP
GPIO 43: level=1 func=INPUT pull=UP
GPIO 44: level=1 func=INPUT pull=UP
GPIO 45: level=1 func=INPUT pull=UP
BANK2 (GPIO 46 to 53):
GPIO 46: level=0 func=INPUT pull=UP
GPIO 47: level=0 func=INPUT pull=UP
GPIO 48: level=0 func=INPUT pull=DOWN
GPIO 49: level=0 func=INPUT pull=DOWN
GPIO 50: level=0 func=INPUT pull=DOWN
GPIO 51: level=0 func=INPUT pull=DOWN
GPIO 52: level=0 func=INPUT pull=DOWN
GPIO 53: level=0 func=INPUT pull=DOWN

=== vcdbg Logs for Overlays ===
vcdbg command not found. Skipping overlay verification with vcdbg.

=== Runtime Overlay Application Logs ===
Applying spi1-3cs overlay:
* Failed to apply overlay '0_spi1-3cs' (kernel)
Applying nc4_ili9488 overlay:
* Failed to apply overlay '0_nc4_ili9488' (kernel)

=== Available SPI Devices ===
ls: cannot access '/dev/spi*': No such file or directory

